Archive member included to satisfy reference by file (symbol)

C:/ST/STM32CubeIDE_1.19.0/STM32CubeIDE/plugins/com.st.stm32cube.ide.mcu.externaltools.gnu-tools-for-stm32.13.3.rel1.win32_1.0.0.202411081344/tools/bin/../lib/gcc/arm-none-eabi/13.3.1/../../../../arm-none-eabi/lib/thumb/v7e-m+dp/hard\libc_nano.a(libc_a-exit.o)
                              C:/ST/STM32CubeIDE_1.19.0/STM32CubeIDE/plugins/com.st.stm32cube.ide.mcu.externaltools.gnu-tools-for-stm32.13.3.rel1.win32_1.0.0.202411081344/tools/bin/../lib/gcc/arm-none-eabi/13.3.1/../../../../arm-none-eabi/lib/thumb/v7e-m+dp/hard/crt0.o (exit)
C:/ST/STM32CubeIDE_1.19.0/STM32CubeIDE/plugins/com.st.stm32cube.ide.mcu.externaltools.gnu-tools-for-stm32.13.3.rel1.win32_1.0.0.202411081344/tools/bin/../lib/gcc/arm-none-eabi/13.3.1/../../../../arm-none-eabi/lib/thumb/v7e-m+dp/hard\libc_nano.a(libc_a-findfp.o)
                              C:/ST/STM32CubeIDE_1.19.0/STM32CubeIDE/plugins/com.st.stm32cube.ide.mcu.externaltools.gnu-tools-for-stm32.13.3.rel1.win32_1.0.0.202411081344/tools/bin/../lib/gcc/arm-none-eabi/13.3.1/../../../../arm-none-eabi/lib/thumb/v7e-m+dp/hard\libc_nano.a(libc_a-exit.o) (__stdio_exit_handler)
C:/ST/STM32CubeIDE_1.19.0/STM32CubeIDE/plugins/com.st.stm32cube.ide.mcu.externaltools.gnu-tools-for-stm32.13.3.rel1.win32_1.0.0.202411081344/tools/bin/../lib/gcc/arm-none-eabi/13.3.1/../../../../arm-none-eabi/lib/thumb/v7e-m+dp/hard\libc_nano.a(libc_a-fwalk.o)
                              C:/ST/STM32CubeIDE_1.19.0/STM32CubeIDE/plugins/com.st.stm32cube.ide.mcu.externaltools.gnu-tools-for-stm32.13.3.rel1.win32_1.0.0.202411081344/tools/bin/../lib/gcc/arm-none-eabi/13.3.1/../../../../arm-none-eabi/lib/thumb/v7e-m+dp/hard\libc_nano.a(libc_a-findfp.o) (_fwalk_sglue)
C:/ST/STM32CubeIDE_1.19.0/STM32CubeIDE/plugins/com.st.stm32cube.ide.mcu.externaltools.gnu-tools-for-stm32.13.3.rel1.win32_1.0.0.202411081344/tools/bin/../lib/gcc/arm-none-eabi/13.3.1/../../../../arm-none-eabi/lib/thumb/v7e-m+dp/hard\libc_nano.a(libc_a-stdio.o)
                              C:/ST/STM32CubeIDE_1.19.0/STM32CubeIDE/plugins/com.st.stm32cube.ide.mcu.externaltools.gnu-tools-for-stm32.13.3.rel1.win32_1.0.0.202411081344/tools/bin/../lib/gcc/arm-none-eabi/13.3.1/../../../../arm-none-eabi/lib/thumb/v7e-m+dp/hard\libc_nano.a(libc_a-findfp.o) (__sread)
C:/ST/STM32CubeIDE_1.19.0/STM32CubeIDE/plugins/com.st.stm32cube.ide.mcu.externaltools.gnu-tools-for-stm32.13.3.rel1.win32_1.0.0.202411081344/tools/bin/../lib/gcc/arm-none-eabi/13.3.1/../../../../arm-none-eabi/lib/thumb/v7e-m+dp/hard\libc_nano.a(libc_a-memset.o)
                              C:/ST/STM32CubeIDE_1.19.0/STM32CubeIDE/plugins/com.st.stm32cube.ide.mcu.externaltools.gnu-tools-for-stm32.13.3.rel1.win32_1.0.0.202411081344/tools/bin/../lib/gcc/arm-none-eabi/13.3.1/../../../../arm-none-eabi/lib/thumb/v7e-m+dp/hard/crt0.o (memset)
C:/ST/STM32CubeIDE_1.19.0/STM32CubeIDE/plugins/com.st.stm32cube.ide.mcu.externaltools.gnu-tools-for-stm32.13.3.rel1.win32_1.0.0.202411081344/tools/bin/../lib/gcc/arm-none-eabi/13.3.1/../../../../arm-none-eabi/lib/thumb/v7e-m+dp/hard\libc_nano.a(libc_a-closer.o)
                              C:/ST/STM32CubeIDE_1.19.0/STM32CubeIDE/plugins/com.st.stm32cube.ide.mcu.externaltools.gnu-tools-for-stm32.13.3.rel1.win32_1.0.0.202411081344/tools/bin/../lib/gcc/arm-none-eabi/13.3.1/../../../../arm-none-eabi/lib/thumb/v7e-m+dp/hard\libc_nano.a(libc_a-stdio.o) (_close_r)
C:/ST/STM32CubeIDE_1.19.0/STM32CubeIDE/plugins/com.st.stm32cube.ide.mcu.externaltools.gnu-tools-for-stm32.13.3.rel1.win32_1.0.0.202411081344/tools/bin/../lib/gcc/arm-none-eabi/13.3.1/../../../../arm-none-eabi/lib/thumb/v7e-m+dp/hard\libc_nano.a(libc_a-reent.o)
                              C:/ST/STM32CubeIDE_1.19.0/STM32CubeIDE/plugins/com.st.stm32cube.ide.mcu.externaltools.gnu-tools-for-stm32.13.3.rel1.win32_1.0.0.202411081344/tools/bin/../lib/gcc/arm-none-eabi/13.3.1/../../../../arm-none-eabi/lib/thumb/v7e-m+dp/hard\libc_nano.a(libc_a-closer.o) (errno)
C:/ST/STM32CubeIDE_1.19.0/STM32CubeIDE/plugins/com.st.stm32cube.ide.mcu.externaltools.gnu-tools-for-stm32.13.3.rel1.win32_1.0.0.202411081344/tools/bin/../lib/gcc/arm-none-eabi/13.3.1/../../../../arm-none-eabi/lib/thumb/v7e-m+dp/hard\libc_nano.a(libc_a-impure.o)
                              C:/ST/STM32CubeIDE_1.19.0/STM32CubeIDE/plugins/com.st.stm32cube.ide.mcu.externaltools.gnu-tools-for-stm32.13.3.rel1.win32_1.0.0.202411081344/tools/bin/../lib/gcc/arm-none-eabi/13.3.1/../../../../arm-none-eabi/lib/thumb/v7e-m+dp/hard\libc_nano.a(libc_a-reent.o) (_impure_ptr)
C:/ST/STM32CubeIDE_1.19.0/STM32CubeIDE/plugins/com.st.stm32cube.ide.mcu.externaltools.gnu-tools-for-stm32.13.3.rel1.win32_1.0.0.202411081344/tools/bin/../lib/gcc/arm-none-eabi/13.3.1/../../../../arm-none-eabi/lib/thumb/v7e-m+dp/hard\libc_nano.a(libc_a-lseekr.o)
[...]
Memory Configuration

Name             Origin             Length             Attributes
FLASH            0x08000000         0x00200000         xr
DTCMRAM          0x20000000         0x00020000         xrw
RAM_D1           0x24000000         0x00080000         xrw
RAM_D2           0x30000000         0x00048000         xrw
RAM_D3           0x38000000         0x00010000         xrw
ITCMRAM          0x00000000         0x00010000         xrw
*default*        0x00000000         0xffffffff

Linker script and memory map

LOAD C:/ST/STM32CubeIDE_1.19.0/STM32CubeIDE/plugins/com.st.stm32cube.ide.mcu.externaltools.gnu-tools-for-stm32.13.3.rel1.win32_1.0.0.202411081344/tools/bin/../lib/gcc/arm-none-eabi/13.3.1/thumb/v7e-m+dp/hard/crti.o
LOAD C:/ST/STM32CubeIDE_1.19.0/STM32CubeIDE/plugins/com.st.stm32cube.ide.mcu.externaltools.gnu-tools-for-stm32.13.3.rel1.win32_1.0.0.202411081344/tools/bin/../lib/gcc/arm-none-eabi/13.3.1/thumb/v7e-m+dp/hard/crtbegin.o
LOAD C:/ST/STM32CubeIDE_1.19.0/STM32CubeIDE/plugins/com.st.stm32cube.ide.mcu.externaltools.gnu-tools-for-stm32.13.3.rel1.win32_1.0.0.202411081344/tools/bin/../lib/gcc/arm-none-eabi/13.3.1/../../../../arm-none-eabi/lib/thumb/v7e-m+dp/hard/crt0.o
LOAD ./Core/Src/gpio.o
LOAD ./Core/Src/i2c.o
LOAD ./Core/Src/main.o
LOAD ./Core/Src/sdmmc.o
LOAD ./Core/Src/spi.o
LOAD ./Core/Src/stm32h7xx_hal_msp.o
LOAD ./Core/Src/stm32h7xx_hal_timebase_tim.o
LOAD ./Core/Src/stm32h7xx_it.o
LOAD ./Core/Src/syscalls.o
LOAD ./Core/Src/sysmem.o
LOAD ./Core/Src/system_stm32h7xx.o
LOAD ./Core/Src/usart.o
LOAD ./Core/Startup/startup_stm32h743vihx.o
LOAD ./Drivers/STM32H7xx_HAL_Driver/Src/stm32h7xx_hal.o
LOAD ./Drivers/STM32H7xx_HAL_Driver/Src/stm32h7xx_hal_cortex.o
LOAD ./Drivers/STM32H7xx_HAL_Driver/Src/stm32h7xx_hal_dma.o
LOAD ./Drivers/STM32H7xx_HAL_Driver/Src/stm32h7xx_hal_dma_ex.o
LOAD ./Drivers/STM32H7xx_HAL_Driver/Src/stm32h7xx_hal_exti.o
LOAD ./Drivers/STM32H7xx_HAL_Driver/Src/stm32h7xx_hal_flash.o
LOAD ./Drivers/STM32H7xx_HAL_Driver/Src/stm32h7xx_hal_flash_ex.o
LOAD ./Drivers/STM32H7xx_HAL_Driver/Src/stm32h7xx_hal_gpio.o
LOAD ./Drivers/STM32H7xx_HAL_Driver/Src/stm32h7xx_hal_hsem.o
LOAD ./Drivers/STM32H7xx_HAL_Driver/Src/stm32h7xx_hal_i2c.o
LOAD ./Drivers/STM32H7xx_HAL_Driver/Src/stm32h7xx_hal_i2c_ex.o
LOAD ./Drivers/STM32H7xx_HAL_Driver/Src/stm32h7xx_hal_mdma.o
LOAD ./Drivers/STM32H7xx_HAL_Driver/Src/stm32h7xx_hal_mmc.o
LOAD ./Drivers/STM32H7xx_HAL_Driver/Src/stm32h7xx_hal_mmc_ex.o
LOAD ./Drivers/STM32H7xx_HAL_Driver/Src/stm32h7xx_hal_pwr.o
LOAD ./Drivers/STM32H7xx_HAL_Driver/Src/stm32h7xx_hal_pwr_ex.o
LOAD ./Drivers/STM32H7xx_HAL_Driver/Src/stm32h7xx_hal_rcc.o
LOAD ./Drivers/STM32H7xx_HAL_Driver/Src/stm32h7xx_hal_rcc_ex.o
LOAD ./Drivers/STM32H7xx_HAL_Driver/Src/stm32h7xx_hal_sd.o
LOAD ./Drivers/STM32H7xx_HAL_Driver/Src/stm32h7xx_hal_sd_ex.o
LOAD ./Drivers/STM32H7xx_HAL_Driver/Src/stm32h7xx_hal_spi.o
LOAD ./Drivers/STM32H7xx_HAL_Driver/Src/stm32h7xx_hal_spi_ex.o
LOAD ./Drivers/STM32H7xx_HAL_Driver/Src/stm32h7xx_hal_tim.o
LOAD ./Drivers/STM32H7xx_HAL_Driver/Src/stm32h7xx_hal_tim_ex.o
LOAD ./Drivers/STM32H7xx_HAL_Driver/Src/stm32h7xx_hal_uart.o
LOAD ./Drivers/STM32H7xx_HAL_Driver/Src/stm32h7xx_hal_uart_ex.o
LOAD ./Drivers/STM32H7xx_HAL_Driver/Src/stm32h7xx_ll_delayblock.o
LOAD ./Drivers/STM32H7xx_HAL_Driver/Src/stm32h7xx_ll_sdmmc.o
START GROUP
LOAD C:/ST/STM32CubeIDE_1.19.0/STM32CubeIDE/plugins/com.st.stm32cube.ide.mcu.externaltools.gnu-tools-for-stm32.13.3.rel1.win32_1.0.0.202411081344/tools/bin/../lib/gcc/arm-none-eabi/13.3.1/../../../../arm-none-eabi/lib/thumb/v7e-m+dp/hard\libc_nano.a
LOAD C:/ST/STM32CubeIDE_1.19.0/STM32CubeIDE/plugins/com.st.stm32cube.ide.mcu.externaltools.gnu-tools-for-stm32.13.3.rel1.win32_1.0.0.202411081344/tools/bin/../lib/gcc/arm-none-eabi/13.3.1/../../../../arm-none-eabi/lib/thumb/v7e-m+dp/hard\libm.a
END GROUP
START GROUP
LOAD C:/ST/STM32CubeIDE_1.19.0/STM32CubeIDE/plugins/com.st.stm32cube.ide.mcu.externaltools.gnu-tools-for-stm32.13.3.rel1.win32_1.0.0.202411081344/tools/bin/../lib/gcc/arm-none-eabi/13.3.1/thumb/v7e-m+dp/hard\libgcc.a
LOAD C:/ST/STM32CubeIDE_1.19.0/STM32CubeIDE/plugins/com.st.stm32cube.ide.mcu.externaltools.gnu-tools-for-stm32.13.3.rel1.win32_1.0.0.202411081344/tools/bin/../lib/gcc/arm-none-eabi/13.3.1/../../../../arm-none-eabi/lib/thumb/v7e-m+dp/hard\libc_nano.a
END GROUP
START GROUP
LOAD C:/ST/STM32CubeIDE_1.19.0/STM32CubeIDE/plugins/com.st.stm32cube.ide.mcu.externaltools.gnu-tools-for-stm32.13.3.rel1.win32_1.0.0.202411081344/tools/bin/../lib/gcc/arm-none-eabi/13.3.1/thumb/v7e-m+dp/hard\libgcc.a
LOAD C:/ST/STM32CubeIDE_1.19.0/STM32CubeIDE/plugins/com.st.stm32cube.ide.mcu.externaltools.gnu-tools-for-stm32.13.3.rel1.win32_1.0.0.202411081344/tools/bin/../lib/gcc/arm-none-eabi/13.3.1/../../../../arm-none-eabi/lib/thumb/v7e-m+dp/hard\libc_nano.a
LOAD C:/ST/STM32CubeIDE_1.19.0/STM32CubeIDE/plugins/com.st.stm32cube.ide.mcu.externaltools.gnu-tools-for-stm32.13.3.rel1.win32_1.0.0.202411081344/tools/bin/../lib/gcc/arm-none-eabi/13.3.1/../../../../arm-none-eabi/lib/thumb/v7e-m+dp/hard\libnosys.a
END GROUP
START GROUP
LOAD C:/ST/STM32CubeIDE_1.19.0/STM32CubeIDE/plugins/com.st.stm32cube.ide.mcu.externaltools.gnu-tools-for-stm32.13.3.rel1.win32_1.0.0.202411081344/tools/bin/../lib/gcc/arm-none-eabi/13.3.1/thumb/v7e-m+dp/hard\libgcc.a
LOAD C:/ST/STM32CubeIDE_1.19.0/STM32CubeIDE/plugins/com.st.stm32cube.ide.mcu.externaltools.gnu-tools-for-stm32.13.3.rel1.win32_1.0.0.202411081344/tools/bin/../lib/gcc/arm-none-eabi/13.3.1/../../../../arm-none-eabi/lib/thumb/v7e-m+dp/hard\libc_nano.a
LOAD C:/ST/STM32CubeIDE_1.19.0/STM32CubeIDE/plugins/com.st.stm32cube.ide.mcu.externaltools.gnu-tools-for-stm32.13.3.rel1.win32_1.0.0.202411081344/tools/bin/../lib/gcc/arm-none-eabi/13.3.1/../../../../arm-none-eabi/lib/thumb/v7e-m+dp/hard\libnosys.a
END GROUP
LOAD C:/ST/STM32CubeIDE_1.19.0/STM32CubeIDE/plugins/com.st.stm32cube.ide.mcu.externaltools.gnu-tools-for-stm32.13.3.rel1.win32_1.0.0.202411081344/tools/bin/../lib/gcc/arm-none-eabi/13.3.1/thumb/v7e-m+dp/hard/crtend.o
LOAD C:/ST/STM32CubeIDE_1.19.0/STM32CubeIDE/plugins/com.st.stm32cube.ide.mcu.externaltools.gnu-tools-for-stm32.13.3.rel1.win32_1.0.0.202411081344/tools/bin/../lib/gcc/arm-none-eabi/13.3.1/thumb/v7e-m+dp/hard/crtn.o
                0x24080000                        _estack = (ORIGIN (RAM_D1) + LENGTH (RAM_D1))
                0x00000200                        _Min_Heap_Size = 0x200
                0x00000400                        _Min_Stack_Size = 0x400

.isr_vector     0x08000000      0x298
                0x08000000                        . = ALIGN (0x4)
 *(.isr_vector)
 .isr_vector    0x08000000      0x298 ./Core/Startup/startup_stm32h743vihx.o
                0x08000000                g_pfnVectors
                0x08000298                        . = ALIGN (0x4)

.text           0x08000298     0x9084
                0x08000298                        . = ALIGN (0x4)
 *(.text)
 .text          0x08000298       0x40 C:/ST/STM32CubeIDE_1.19.0/STM32CubeIDE/plugins/com.st.stm32cube.ide.mcu.externaltools.gnu-tools-for-stm32.13.3.rel1.win32_1.0.0.202411081344/tools/bin/../lib/gcc/arm-none-eabi/13.3.1/thumb/v7e-m+dp/hard/crtbegin.o
 .text          0x080002d8       0x30 C:/ST/STM32CubeIDE_1.19.0/STM32CubeIDE/plugins/com.st.stm32cube.ide.mcu.externaltools.gnu-tools-for-stm32.13.3.rel1.win32_1.0.0.202411081344/tools/bin/../lib/gcc/arm-none-eabi/13.3.1/thumb/v7e-m+dp/hard\libgcc.a(_aeabi_uldivmod.o)
                0x080002d8                __aeabi_uldivmod
 .text          0x08000308      0x2f8 C:/ST/STM32CubeIDE_1.19.0/STM32CubeIDE/plugins/com.st.stm32cube.ide.mcu.externaltools.gnu-tools-for-stm32.13.3.rel1.win32_1.0.0.202411081344/tools/bin/../lib/gcc/arm-none-eabi/13.3.1/thumb/v7e-m+dp/hard\libgcc.a(_udivmoddi4.o)
                0x08000308                __udivmoddi4
 .text          0x08000600        0x4 C:/ST/STM32CubeIDE_1.19.0/STM32CubeIDE/plugins/com.st.stm32cube.ide.mcu.externaltools.gnu-tools-for-stm32.13.3.rel1.win32_1.0.0.202411081344/tools/bin/../lib/gcc/arm-none-eabi/13.3.1/thumb/v7e-m+dp/hard\libgcc.a(_dvmd_tls.o)
                0x08000600                __aeabi_idiv0
                0x08000600                __aeabi_ldiv0
 *(.text*)
 .text.MX_GPIO_Init
                0x08000604       0xac ./Core/Src/gpio.o
                0x08000604                MX_GPIO_Init
 .text.MX_I2C1_Init
                0x080006b0       0x80 ./Core/Src/i2c.o
                0x080006b0                MX_I2C1_Init
 .text.MX_I2C4_Init
                0x08000730       0x80 ./Core/Src/i2c.o
                0x08000730                MX_I2C4_Init
 .text.HAL_I2C_MspInit
                0x080007b0      0x170 ./Core/Src/i2c.o
                0x080007b0                HAL_I2C_MspInit
 .text.main     0x08000920       0x44 ./Core/Src/main.o
                0x08000920                main
 .text.SystemClock_Config
                0x08000964       0xf4 ./Core/Src/main.o
                0x08000964                SystemClock_Config
 .text.PeriphCommonClock_Config
                0x08000a58       0x5e ./Core/Src/main.o
                0x08000a58                PeriphCommonClock_Config
 .text.MPU_Config
                0x08000ab6       0x58 ./Core/Src/main.o
 *fill*         0x08000b0e        0x2 
 .text.HAL_TIM_PeriodElapsedCallback
                0x08000b10       0x24 ./Core/Src/main.o
                0x08000b10                HAL_TIM_PeriodElapsedCallback
 .text.Error_Handler
                0x08000b34        0xc ./Core/Src/main.o
                0x08000b34                Error_Handler
 .text.MX_SDMMC1_SD_Init
                0x08000b40       0x48 ./Core/Src/sdmmc.o
                0x08000b40                MX_SDMMC1_SD_Init
 .text.HAL_SD_MspInit
                0x08000b88      0x11c ./Core/Src/sdmmc.o
                0x08000b88                HAL_SD_MspInit
 .text.MX_SPI1_Init
                0x08000ca4       0xac ./Core/Src/spi.o
                0x08000ca4                MX_SPI1_Init
 .text.MX_SPI2_Init
                0x08000d50       0xac ./Core/Src/spi.o
                0x08000d50                MX_SPI2_Init
 .text.MX_SPI6_Init
                0x08000dfc       0xac ./Core/Src/spi.o
                0x08000dfc                MX_SPI6_Init
 .text.HAL_SPI_MspInit
                0x08000ea8      0x210 ./Core/Src/spi.o
                0x08000ea8                HAL_SPI_MspInit
 .text.HAL_MspInit
                0x080010b8       0x34 ./Core/Src/stm32h7xx_hal_msp.o
                0x080010b8                HAL_MspInit
 .text.HAL_InitTick
                0x080010ec       0xd8 ./Core/Src/stm32h7xx_hal_timebase_tim.o
                0x080010ec                HAL_InitTick
 .text.NMI_Handler
                0x080011c4        0x8 ./Core/Src/stm32h7xx_it.o
                0x080011c4                NMI_Handler
 .text.HardFault_Handler
                0x080011cc        0x8 ./Core/Src/stm32h7xx_it.o
                0x080011cc                HardFault_Handler
 .text.MemManage_Handler
                0x080011d4        0x8 ./Core/Src/stm32h7xx_it.o
                0x080011d4                MemManage_Handler
 .text.BusFault_Handler
                0x080011dc        0x8 ./Core/Src/stm32h7xx_it.o
                0x080011dc                BusFault_Handler
 .text.UsageFault_Handler
                0x080011e4        0x8 ./Core/Src/stm32h7xx_it.o
                0x080011e4                UsageFault_Handler
 .text.SVC_Handler
                0x080011ec        0xe ./Core/Src/stm32h7xx_it.o
                0x080011ec                SVC_Handler
 .text.DebugMon_Handler
                0x080011fa        0xe ./Core/Src/stm32h7xx_it.o
                0x080011fa                DebugMon_Handler
 .text.PendSV_Handler
                0x08001208        0xe ./Core/Src/stm32h7xx_it.o
                0x08001208                PendSV_Handler
 .text.SysTick_Handler
                0x08001216        0xe ./Core/Src/stm32h7xx_it.o
                0x08001216                SysTick_Handler
 .text.TIM7_IRQHandler
                0x08001224       0x14 ./Core/Src/stm32h7xx_it.o
                0x08001224                TIM7_IRQHandler
 .text.SystemInit
                0x08001238      0x140 ./Core/Src/system_stm32h7xx.o
                0x08001238                SystemInit
 .text.ExitRun0Mode
                0x08001378       0x30 ./Core/Src/system_stm32h7xx.o
                0x08001378                ExitRun0Mode
 .text.MX_UART4_Init
                0x080013a8       0x98 ./Core/Src/usart.o
                0x080013a8                MX_UART4_Init
 .text.MX_USART1_UART_Init
                0x08001440       0x98 ./Core/Src/usart.o
                0x08001440                MX_USART1_UART_Init
 .text.MX_USART2_UART_Init
                0x080014d8       0x98 ./Core/Src/usart.o
                0x080014d8                MX_USART2_UART_Init
 .text.MX_USART3_UART_Init
                0x08001570       0x98 ./Core/Src/usart.o
                0x08001570                MX_USART3_UART_Init
 .text.HAL_UART_MspInit
                0x08001608      0x380 ./Core/Src/usart.o
                0x08001608                HAL_UART_MspInit
 .text.Reset_Handler
                0x08001988       0x54 ./Core/Startup/startup_stm32h743vihx.o
                0x08001988                Reset_Handler
 .text.Default_Handler
                0x080019dc        0x2 ./Core/Startup/startup_stm32h743vihx.o
                0x080019dc                RTC_Alarm_IRQHandler
                0x080019dc                EXTI2_IRQHandler
                0x080019dc                TIM8_CC_IRQHandler
                0x080019dc                HRTIM1_Master_IRQHandler
                0x080019dc                UART8_IRQHandler
                0x080019dc                SPI4_IRQHandler
                0x080019dc                TIM1_CC_IRQHandler
                0x080019dc                BDMA_Channel6_IRQHandler
                0x080019dc                DMA2_Stream5_IRQHandler
                0x080019dc                HRTIM1_FLT_IRQHandler
                0x080019dc                JPEG_IRQHandler
                0x080019dc                DMA1_Stream5_IRQHandler
                0x080019dc                BDMA_Channel1_IRQHandler
                0x080019dc                HRTIM1_TIMD_IRQHandler
                0x080019dc                TAMP_STAMP_IRQHandler
                0x080019dc                EXTI3_IRQHandler
                0x080019dc                LPTIM4_IRQHandler
                0x080019dc                TIM8_TRG_COM_TIM14_IRQHandler
                0x080019dc                LPTIM2_IRQHandler
                0x080019dc                DFSDM1_FLT1_IRQHandler
                0x080019dc                DMAMUX2_OVR_IRQHandler
                0x080019dc                TIM8_UP_TIM13_IRQHandler
                0x080019dc                I2C3_ER_IRQHandler
                0x080019dc                DFSDM1_FLT2_IRQHandler
                0x080019dc                MDMA_IRQHandler
                0x080019dc                LPTIM3_IRQHandler
                0x080019dc                HSEM1_IRQHandler
                0x080019dc                EXTI0_IRQHandler
                0x080019dc                I2C2_EV_IRQHandler
                0x080019dc                DMA1_Stream2_IRQHandler
                0x080019dc                FPU_IRQHandler
                0x080019dc                OTG_HS_WKUP_IRQHandler
                0x080019dc                FDCAN1_IT1_IRQHandler
                0x080019dc                LTDC_ER_IRQHandler
                0x080019dc                DMA2_Stream2_IRQHandler
                0x080019dc                HRTIM1_TIME_IRQHandler
                0x080019dc                SPI1_IRQHandler
                0x080019dc                TIM6_DAC_IRQHandler
                0x080019dc                DCMI_IRQHandler
                0x080019dc                HRTIM1_TIMC_IRQHandler
                0x080019dc                DMA2_Stream3_IRQHandler
                0x080019dc                SAI2_IRQHandler
                0x080019dc                DFSDM1_FLT3_IRQHandler
                0x080019dc                USART6_IRQHandler
                0x080019dc                TIM17_IRQHandler
                0x080019dc                USART3_IRQHandler
                0x080019dc                BDMA_Channel7_IRQHandler
                0x080019dc                LPTIM5_IRQHandler
                0x080019dc                UART5_IRQHandler
                0x080019dc                ADC3_IRQHandler
                0x080019dc                DMA2_Stream0_IRQHandler
                0x080019dc                TIM4_IRQHandler
                0x080019dc                BDMA_Channel2_IRQHandler
                0x080019dc                QUADSPI_IRQHandler
                0x080019dc                I2C1_EV_IRQHandler
                0x080019dc                DMA1_Stream6_IRQHandler
                0x080019dc                DMAMUX1_OVR_IRQHandler
                0x080019dc                DMA1_Stream1_IRQHandler
                0x080019dc                TIM16_IRQHandler
                0x080019dc                UART4_IRQHandler
                0x080019dc                BDMA_Channel5_IRQHandler
                0x080019dc                TIM3_IRQHandler
                0x080019dc                RCC_IRQHandler
                0x080019dc                TIM8_BRK_TIM12_IRQHandler
                0x080019dc                TIM1_TRG_COM_IRQHandler
                0x080019dc                Default_Handler
                0x080019dc                ECC_IRQHandler
                0x080019dc                CEC_IRQHandler
                0x080019dc                EXTI15_10_IRQHandler
                0x080019dc                BDMA_Channel0_IRQHandler
                0x080019dc                ADC_IRQHandler
                0x080019dc                DMA1_Stream7_IRQHandler
                0x080019dc                HRTIM1_TIMA_IRQHandler
                0x080019dc                SPI5_IRQHandler
                0x080019dc                SDMMC1_IRQHandler
                0x080019dc                TIM5_IRQHandler
                0x080019dc                DMA2_Stream7_IRQHandler
                0x080019dc                TIM15_IRQHandler
                0x080019dc                PVD_AVD_IRQHandler
                0x080019dc                I2C3_EV_IRQHandler
                0x080019dc                EXTI9_5_IRQHandler
                0x080019dc                RTC_WKUP_IRQHandler
                0x080019dc                LTDC_IRQHandler
                0x080019dc                SAI3_IRQHandler
                0x080019dc                ETH_WKUP_IRQHandler
                0x080019dc                SPDIF_RX_IRQHandler
                0x080019dc                SPI2_IRQHandler
                0x080019dc                OTG_HS_EP1_IN_IRQHandler
                0x080019dc                DMA1_Stream0_IRQHandler
                0x080019dc                CRS_IRQHandler
                0x080019dc                EXTI4_IRQHandler
                0x080019dc                RNG_IRQHandler
                0x080019dc                HRTIM1_TIMB_IRQHandler
                0x080019dc                FDCAN2_IT1_IRQHandler
                0x080019dc                ETH_IRQHandler
                0x080019dc                TIM1_UP_IRQHandler
                0x080019dc                BDMA_Channel4_IRQHandler
                0x080019dc                OTG_HS_EP1_OUT_IRQHandler
                0x080019dc                WWDG_IRQHandler
                0x080019dc                SPI6_IRQHandler
                0x080019dc                MDIOS_IRQHandler
                0x080019dc                I2C4_EV_IRQHandler
                0x080019dc                FDCAN2_IT0_IRQHandler
                0x080019dc                LPUART1_IRQHandler
                0x080019dc                FDCAN1_IT0_IRQHandler
                0x080019dc                TIM2_IRQHandler
                0x080019dc                OTG_FS_WKUP_IRQHandler
                0x080019dc                OTG_HS_IRQHandler
                0x080019dc                DMA2D_IRQHandler
                0x080019dc                TIM1_BRK_IRQHandler
                0x080019dc                EXTI1_IRQHandler
                0x080019dc                SDMMC2_IRQHandler
                0x080019dc                OTG_FS_EP1_OUT_IRQHandler
                0x080019dc                BDMA_Channel3_IRQHandler
                0x080019dc                UART7_IRQHandler
                0x080019dc                MDIOS_WKUP_IRQHandler
                0x080019dc                USART2_IRQHandler
                0x080019dc                DFSDM1_FLT0_IRQHandler
                0x080019dc                SAI4_IRQHandler
                0x080019dc                I2C2_ER_IRQHandler
                0x080019dc                DMA2_Stream1_IRQHandler
                0x080019dc                FLASH_IRQHandler
                0x080019dc                DMA2_Stream4_IRQHandler
                0x080019dc                USART1_IRQHandler
                0x080019dc                OTG_FS_IRQHandler
                0x080019dc                SPI3_IRQHandler
                0x080019dc                WAKEUP_PIN_IRQHandler
                0x080019dc                DMA1_Stream4_IRQHandler
                0x080019dc                OTG_FS_EP1_IN_IRQHandler
                0x080019dc                I2C1_ER_IRQHandler
                0x080019dc                FMC_IRQHandler
                0x080019dc                FDCAN_CAL_IRQHandler
                0x080019dc                SWPMI1_IRQHandler
                0x080019dc                COMP1_IRQHandler
                0x080019dc                LPTIM1_IRQHandler
                0x080019dc                I2C4_ER_IRQHandler
                0x080019dc                DMA2_Stream6_IRQHandler
                0x080019dc                SAI1_IRQHandler
                0x080019dc                DMA1_Stream3_IRQHandler
 *fill*         0x080019de        0x2 
 .text.HAL_Init
                0x080019e0       0x78 ./Drivers/STM32H7xx_HAL_Driver/Src/stm32h7xx_hal.o
                0x080019e0                HAL_Init
 .text.HAL_IncTick
                0x08001a58       0x28 ./Drivers/STM32H7xx_HAL_Driver/Src/stm32h7xx_hal.o
                0x08001a58                HAL_IncTick
 .text.HAL_GetTick
                0x08001a80       0x18 ./Drivers/STM32H7xx_HAL_Driver/Src/stm32h7xx_hal.o
                0x08001a80                HAL_GetTick
 .text.HAL_Delay
                0x08001a98       0x48 ./Drivers/STM32H7xx_HAL_Driver/Src/stm32h7xx_hal.o
                0x08001a98                HAL_Delay
 .text.HAL_GetREVID
                0x08001ae0       0x18 ./Drivers/STM32H7xx_HAL_Driver/Src/stm32h7xx_hal.o
                0x08001ae0                HAL_GetREVID
 .text.__NVIC_SetPriorityGrouping
                0x08001af8       0x48 ./Drivers/STM32H7xx_HAL_Driver/Src/stm32h7xx_hal_cortex.o
 .text.__NVIC_GetPriorityGrouping
                0x08001b40       0x1c ./Drivers/STM32H7xx_HAL_Driver/Src/stm32h7xx_hal_cortex.o
 .text.__NVIC_EnableIRQ
                0x08001b5c       0x3c ./Drivers/STM32H7xx_HAL_Driver/Src/stm32h7xx_hal_cortex.o
 .text.__NVIC_SetPriority
                0x08001b98       0x54 ./Drivers/STM32H7xx_HAL_Driver/Src/stm32h7xx_hal_cortex.o
 .text.NVIC_EncodePriority
                0x08001bec       0x66 ./Drivers/STM32H7xx_HAL_Driver/Src/stm32h7xx_hal_cortex.o
 .text.HAL_NVIC_SetPriorityGrouping
                0x08001c52       0x16 ./Drivers/STM32H7xx_HAL_Driver/Src/stm32h7xx_hal_cortex.o
                0x08001c52                HAL_NVIC_SetPriorityGrouping
 .text.HAL_NVIC_SetPriority
                0x08001c68       0x34 ./Drivers/STM32H7xx_HAL_Driver/Src/stm32h7xx_hal_cortex.o
                0x08001c68                HAL_NVIC_SetPriority
 .text.HAL_NVIC_EnableIRQ
                0x08001c9c       0x1c ./Drivers/STM32H7xx_HAL_Driver/Src/stm32h7xx_hal_cortex.o
                0x08001c9c                HAL_NVIC_EnableIRQ
 .text.HAL_MPU_Disable
                0x08001cb8       0x30 ./Drivers/STM32H7xx_HAL_Driver/Src/stm32h7xx_hal_cortex.o
                0x08001cb8                HAL_MPU_Disable
 .text.HAL_MPU_Enable
                0x08001ce8       0x40 ./Drivers/STM32H7xx_HAL_Driver/Src/stm32h7xx_hal_cortex.o
                0x08001ce8                HAL_MPU_Enable
 .text.HAL_MPU_ConfigRegion
                0x08001d28       0x80 ./Drivers/STM32H7xx_HAL_Driver/Src/stm32h7xx_hal_cortex.o
                0x08001d28                HAL_MPU_ConfigRegion
 .text.HAL_GPIO_Init
                0x08001da8      0x360 ./Drivers/STM32H7xx_HAL_Driver/Src/stm32h7xx_hal_gpio.o
                0x08001da8                HAL_GPIO_Init
 .text.HAL_I2C_Init
                0x08002108      0x138 ./Drivers/STM32H7xx_HAL_Driver/Src/stm32h7xx_hal_i2c.o
                0x08002108                HAL_I2C_Init
 .text.HAL_I2CEx_ConfigAnalogFilter
                0x08002240       0x96 ./Drivers/STM32H7xx_HAL_Driver/Src/stm32h7xx_hal_i2c_ex.o
                0x08002240                HAL_I2CEx_ConfigAnalogFilter
 .text.HAL_I2CEx_ConfigDigitalFilter
                0x080022d6       0x98 ./Drivers/STM32H7xx_HAL_Driver/Src/stm32h7xx_hal_i2c_ex.o
                0x080022d6                HAL_I2CEx_ConfigDigitalFilter
 *fill*         0x0800236e        0x2 
 .text.HAL_PWREx_ConfigSupply
                0x08002370       0x74 ./Drivers/STM32H7xx_HAL_Driver/Src/stm32h7xx_hal_pwr_ex.o
                0x08002370                HAL_PWREx_ConfigSupply
 .text.HAL_RCC_OscConfig
                0x080023e4      0x8b4 ./Drivers/STM32H7xx_HAL_Driver/Src/stm32h7xx_hal_rcc.o
                0x080023e4                HAL_RCC_OscConfig
 .text.HAL_RCC_ClockConfig
                0x08002c98      0x36c ./Drivers/STM32H7xx_HAL_Driver/Src/stm32h7xx_hal_rcc.o
                0x08002c98                HAL_RCC_ClockConfig
 .text.HAL_RCC_GetSysClockFreq
                0x08003004      0x2f4 ./Drivers/STM32H7xx_HAL_Driver/Src/stm32h7xx_hal_rcc.o
                0x08003004                HAL_RCC_GetSysClockFreq
 .text.HAL_RCC_GetHCLKFreq
                0x080032f8       0x60 ./Drivers/STM32H7xx_HAL_Driver/Src/stm32h7xx_hal_rcc.o
                0x080032f8                HAL_RCC_GetHCLKFreq
 .text.HAL_RCC_GetPCLK1Freq
                0x08003358       0x2c ./Drivers/STM32H7xx_HAL_Driver/Src/stm32h7xx_hal_rcc.o
                0x08003358                HAL_RCC_GetPCLK1Freq
 .text.HAL_RCC_GetPCLK2Freq
                0x08003384       0x2c ./Drivers/STM32H7xx_HAL_Driver/Src/stm32h7xx_hal_rcc.o
                0x08003384                HAL_RCC_GetPCLK2Freq
 .text.HAL_RCC_GetClockConfig
                0x080033b0       0x84 ./Drivers/STM32H7xx_HAL_Driver/Src/stm32h7xx_hal_rcc.o
                0x080033b0                HAL_RCC_GetClockConfig
 .text.HAL_RCCEx_PeriphCLKConfig
                0x08003434     0x1414 ./Drivers/STM32H7xx_HAL_Driver/Src/stm32h7xx_hal_rcc_ex.o
                0x08003434                HAL_RCCEx_PeriphCLKConfig
 .text.HAL_RCCEx_GetPeriphCLKFreq
                0x08004848      0xb00 ./Drivers/STM32H7xx_HAL_Driver/Src/stm32h7xx_hal_rcc_ex.o
                0x08004848                HAL_RCCEx_GetPeriphCLKFreq
 .text.HAL_RCCEx_GetD3PCLK1Freq
                0x08005348       0x2c ./Drivers/STM32H7xx_HAL_Driver/Src/stm32h7xx_hal_rcc_ex.o
                0x08005348                HAL_RCCEx_GetD3PCLK1Freq
 .text.HAL_RCCEx_GetPLL2ClockFreq
                0x08005374      0x2a8 ./Drivers/STM32H7xx_HAL_Driver/Src/stm32h7xx_hal_rcc_ex.o
                0x08005374                HAL_RCCEx_GetPLL2ClockFreq
 .text.HAL_RCCEx_GetPLL3ClockFreq
                0x0800561c      0x2a8 ./Drivers/STM32H7xx_HAL_Driver/Src/stm32h7xx_hal_rcc_ex.o
                0x0800561c                HAL_RCCEx_GetPLL3ClockFreq
 .text.HAL_RCCEx_GetPLL1ClockFreq
                0x080058c4      0x2a4 ./Drivers/STM32H7xx_HAL_Driver/Src/stm32h7xx_hal_rcc_ex.o
                0x080058c4                HAL_RCCEx_GetPLL1ClockFreq
 .text.RCCEx_PLL2_Config
                0x08005b68      0x164 ./Drivers/STM32H7xx_HAL_Driver/Src/stm32h7xx_hal_rcc_ex.o
 .text.RCCEx_PLL3_Config
                0x08005ccc      0x164 ./Drivers/STM32H7xx_HAL_Driver/Src/stm32h7xx_hal_rcc_ex.o
 .text.HAL_SD_Init
                0x08005e30      0x106 ./Drivers/STM32H7xx_HAL_Driver/Src/stm32h7xx_hal_sd.o
                0x08005e30                HAL_SD_Init
 *fill*         0x08005f36        0x2 
 .text.HAL_SD_InitCard
                0x08005f38      0x138 ./Drivers/STM32H7xx_HAL_Driver/Src/stm32h7xx_hal_sd.o
                0x08005f38                HAL_SD_InitCard
 .text.HAL_SD_GetCardCSD
                0x08006070      0x348 ./Drivers/STM32H7xx_HAL_Driver/Src/stm32h7xx_hal_sd.o
                0x08006070                HAL_SD_GetCardCSD
 .text.HAL_SD_GetCardStatus
                0x080063b8      0x17c ./Drivers/STM32H7xx_HAL_Driver/Src/stm32h7xx_hal_sd.o
                0x080063b8                HAL_SD_GetCardStatus
 .text.HAL_SD_ConfigWideBusOperation
                0x08006534      0x224 ./Drivers/STM32H7xx_HAL_Driver/Src/stm32h7xx_hal_sd.o
                0x08006534                HAL_SD_ConfigWideBusOperation
 .text.HAL_SD_GetCardState
                0x08006758       0x40 ./Drivers/STM32H7xx_HAL_Driver/Src/stm32h7xx_hal_sd.o
                0x08006758                HAL_SD_GetCardState
 .text.SD_InitCard
                0x08006798      0x19c ./Drivers/STM32H7xx_HAL_Driver/Src/stm32h7xx_hal_sd.o
 .text.SD_PowerON
                0x08006934      0x11c ./Drivers/STM32H7xx_HAL_Driver/Src/stm32h7xx_hal_sd.o
 .text.SD_SendSDStatus
                0x08006a50      0x1a0 ./Drivers/STM32H7xx_HAL_Driver/Src/stm32h7xx_hal_sd.o
 .text.SD_SendStatus
                0x08006bf0       0x50 ./Drivers/STM32H7xx_HAL_Driver/Src/stm32h7xx_hal_sd.o
 .text.SD_WideBus_Enable
                0x08006c40       0x96 ./Drivers/STM32H7xx_HAL_Driver/Src/stm32h7xx_hal_sd.o
 .text.SD_WideBus_Disable
                0x08006cd6       0x96 ./Drivers/STM32H7xx_HAL_Driver/Src/stm32h7xx_hal_sd.o
 .text.SD_FindSCR
                0x08006d6c      0x1a0 ./Drivers/STM32H7xx_HAL_Driver/Src/stm32h7xx_hal_sd.o
 .text.HAL_SPI_Init
                0x08006f0c      0x248 ./Drivers/STM32H7xx_HAL_Driver/Src/stm32h7xx_hal_spi.o
                0x08006f0c                HAL_SPI_Init
 .text.SPI_GetPacketSize
                0x08007154       0x36 ./Drivers/STM32H7xx_HAL_Driver/Src/stm32h7xx_hal_spi.o
 .text.HAL_TIM_Base_Init
                0x0800718a       0xae ./Drivers/STM32H7xx_HAL_Driver/Src/stm32h7xx_hal_tim.o
                0x0800718a                HAL_TIM_Base_Init
 .text.HAL_TIM_Base_MspInit
                0x08007238       0x14 ./Drivers/STM32H7xx_HAL_Driver/Src/stm32h7xx_hal_tim.o
                0x08007238                HAL_TIM_Base_MspInit
 .text.HAL_TIM_Base_Start_IT
                0x0800724c       0xf0 ./Drivers/STM32H7xx_HAL_Driver/Src/stm32h7xx_hal_tim.o
                0x0800724c                HAL_TIM_Base_Start_IT
 .text.HAL_TIM_IRQHandler
                0x0800733c      0x20e ./Drivers/STM32H7xx_HAL_Driver/Src/stm32h7xx_hal_tim.o
                0x0800733c                HAL_TIM_IRQHandler
 .text.HAL_TIM_OC_DelayElapsedCallback
                0x0800754a       0x14 ./Drivers/STM32H7xx_HAL_Driver/Src/stm32h7xx_hal_tim.o
                0x0800754a                HAL_TIM_OC_DelayElapsedCallback
 .text.HAL_TIM_IC_CaptureCallback
                0x0800755e       0x14 ./Drivers/STM32H7xx_HAL_Driver/Src/stm32h7xx_hal_tim.o
                0x0800755e                HAL_TIM_IC_CaptureCallback
 .text.HAL_TIM_PWM_PulseFinishedCallback
                0x08007572       0x14 ./Drivers/STM32H7xx_HAL_Driver/Src/stm32h7xx_hal_tim.o
                0x08007572                HAL_TIM_PWM_PulseFinishedCallback
 .text.HAL_TIM_TriggerCallback
                0x08007586       0x14 ./Drivers/STM32H7xx_HAL_Driver/Src/stm32h7xx_hal_tim.o
                0x08007586                HAL_TIM_TriggerCallback
 *fill*         0x0800759a        0x2 
 .text.TIM_Base_SetConfig
                0x0800759c      0x140 ./Drivers/STM32H7xx_HAL_Driver/Src/stm32h7xx_hal_tim.o
                0x0800759c                TIM_Base_SetConfig
 .text.HAL_TIMEx_CommutCallback
                0x080076dc       0x14 ./Drivers/STM32H7xx_HAL_Driver/Src/stm32h7xx_hal_tim_ex.o
                0x080076dc                HAL_TIMEx_CommutCallback
 .text.HAL_TIMEx_BreakCallback
                0x080076f0       0x14 ./Drivers/STM32H7xx_HAL_Driver/Src/stm32h7xx_hal_tim_ex.o
                0x080076f0                HAL_TIMEx_BreakCallback
 .text.HAL_TIMEx_Break2Callback
                0x08007704       0x14 ./Drivers/STM32H7xx_HAL_Driver/Src/stm32h7xx_hal_tim_ex.o
                0x08007704                HAL_TIMEx_Break2Callback
 .text.HAL_UART_Init
                0x08007718       0xa0 ./Drivers/STM32H7xx_HAL_Driver/Src/stm32h7xx_hal_uart.o
                0x08007718                HAL_UART_Init
 .text.UART_SetConfig
                0x080077b8      0xad0 ./Drivers/STM32H7xx_HAL_Driver/Src/stm32h7xx_hal_uart.o
                0x080077b8                UART_SetConfig
 .text.UART_AdvFeatureConfig
                0x08008288      0x144 ./Drivers/STM32H7xx_HAL_Driver/Src/stm32h7xx_hal_uart.o
                0x08008288                UART_AdvFeatureConfig
 .text.UART_CheckIdleState
                0x080083cc      0x154 ./Drivers/STM32H7xx_HAL_Driver/Src/stm32h7xx_hal_uart.o
                0x080083cc                UART_CheckIdleState
 .text.UART_WaitOnFlagUntilTimeout
                0x08008520       0xda ./Drivers/STM32H7xx_HAL_Driver/Src/stm32h7xx_hal_uart.o
                0x08008520                UART_WaitOnFlagUntilTimeout
 *fill*         0x080085fa        0x2 
 .text.UART_EndRxTransfer
                0x080085fc       0xcc ./Drivers/STM32H7xx_HAL_Driver/Src/stm32h7xx_hal_uart.o
 .text.HAL_UARTEx_DisableFifoMode
                0x080086c8       0x72 ./Drivers/STM32H7xx_HAL_Driver/Src/stm32h7xx_hal_uart_ex.o
                0x080086c8                HAL_UARTEx_DisableFifoMode
 .text.HAL_UARTEx_SetTxFifoThreshold
                0x0800873a       0x7c ./Drivers/STM32H7xx_HAL_Driver/Src/stm32h7xx_hal_uart_ex.o
                0x0800873a                HAL_UARTEx_SetTxFifoThreshold
 .text.HAL_UARTEx_SetRxFifoThreshold
                0x080087b6       0x7c ./Drivers/STM32H7xx_HAL_Driver/Src/stm32h7xx_hal_uart_ex.o
                0x080087b6                HAL_UARTEx_SetRxFifoThreshold
 *fill*         0x08008832        0x2 
 .text.UARTEx_SetNbDataToProcess
                0x08008834       0x9c ./Drivers/STM32H7xx_HAL_Driver/Src/stm32h7xx_hal_uart_ex.o
 .text.SDMMC_Init
                0x080088d0       0x54 ./Drivers/STM32H7xx_HAL_Driver/Src/stm32h7xx_ll_sdmmc.o
                0x080088d0                SDMMC_Init
 .text.SDMMC_ReadFIFO
                0x08008924       0x1a ./Drivers/STM32H7xx_HAL_Driver/Src/stm32h7xx_ll_sdmmc.o
                0x08008924                SDMMC_ReadFIFO
 .text.SDMMC_PowerState_ON
                0x0800893e       0x22 ./Drivers/STM32H7xx_HAL_Driver/Src/stm32h7xx_ll_sdmmc.o
                0x0800893e                SDMMC_PowerState_ON
 .text.SDMMC_GetPowerState
                0x08008960       0x1c ./Drivers/STM32H7xx_HAL_Driver/Src/stm32h7xx_ll_sdmmc.o
                0x08008960                SDMMC_GetPowerState
 .text.SDMMC_SendCommand
                0x0800897c       0x54 ./Drivers/STM32H7xx_HAL_Driver/Src/stm32h7xx_ll_sdmmc.o
                0x0800897c                SDMMC_SendCommand
 .text.SDMMC_GetCommandResponse
                0x080089d0       0x1a ./Drivers/STM32H7xx_HAL_Driver/Src/stm32h7xx_ll_sdmmc.o
                0x080089d0                SDMMC_GetCommandResponse
 .text.SDMMC_GetResponse
                0x080089ea       0x26 ./Drivers/STM32H7xx_HAL_Driver/Src/stm32h7xx_ll_sdmmc.o
                0x080089ea                SDMMC_GetResponse
 .text.SDMMC_ConfigData
                0x08008a10       0x58 ./Drivers/STM32H7xx_HAL_Driver/Src/stm32h7xx_ll_sdmmc.o
                0x08008a10                SDMMC_ConfigData
 .text.SDMMC_CmdBlockLength
                0x08008a68       0x46 ./Drivers/STM32H7xx_HAL_Driver/Src/stm32h7xx_ll_sdmmc.o
                0x08008a68                SDMMC_CmdBlockLength
 .text.SDMMC_CmdSelDesel
                0x08008aae       0x46 ./Drivers/STM32H7xx_HAL_Driver/Src/stm32h7xx_ll_sdmmc.o
                0x08008aae                SDMMC_CmdSelDesel
 .text.SDMMC_CmdGoIdleState
                0x08008af4       0x3c ./Drivers/STM32H7xx_HAL_Driver/Src/stm32h7xx_ll_sdmmc.o
                0x08008af4                SDMMC_CmdGoIdleState
 .text.SDMMC_CmdOperCond
                0x08008b30       0x40 ./Drivers/STM32H7xx_HAL_Driver/Src/stm32h7xx_ll_sdmmc.o
                0x08008b30                SDMMC_CmdOperCond
 .text.SDMMC_CmdAppCommand
                0x08008b70       0x46 ./Drivers/STM32H7xx_HAL_Driver/Src/stm32h7xx_ll_sdmmc.o
                0x08008b70                SDMMC_CmdAppCommand
 .text.SDMMC_CmdAppOperCommand
                0x08008bb6       0x40 ./Drivers/STM32H7xx_HAL_Driver/Src/stm32h7xx_ll_sdmmc.o
                0x08008bb6                SDMMC_CmdAppOperCommand
 .text.SDMMC_CmdBusWidth
                0x08008bf6       0x46 ./Drivers/STM32H7xx_HAL_Driver/Src/stm32h7xx_ll_sdmmc.o
                0x08008bf6                SDMMC_CmdBusWidth
 .text.SDMMC_CmdSendSCR
                0x08008c3c       0x44 ./Drivers/STM32H7xx_HAL_Driver/Src/stm32h7xx_ll_sdmmc.o
                0x08008c3c                SDMMC_CmdSendSCR
 .text.SDMMC_CmdSendCID
                0x08008c80       0x3e ./Drivers/STM32H7xx_HAL_Driver/Src/stm32h7xx_ll_sdmmc.o
                0x08008c80                SDMMC_CmdSendCID
 .text.SDMMC_CmdSendCSD
                0x08008cbe       0x40 ./Drivers/STM32H7xx_HAL_Driver/Src/stm32h7xx_ll_sdmmc.o
                0x08008cbe                SDMMC_CmdSendCSD
 .text.SDMMC_CmdSetRelAdd
                0x08008cfe       0x44 ./Drivers/STM32H7xx_HAL_Driver/Src/stm32h7xx_ll_sdmmc.o
                0x08008cfe                SDMMC_CmdSetRelAdd
 .text.SDMMC_CmdSendStatus
                0x08008d42       0x46 ./Drivers/STM32H7xx_HAL_Driver/Src/stm32h7xx_ll_sdmmc.o
                0x08008d42                SDMMC_CmdSendStatus
 .text.SDMMC_CmdStatusRegister
                0x08008d88       0x44 ./Drivers/STM32H7xx_HAL_Driver/Src/stm32h7xx_ll_sdmmc.o
                0x08008d88                SDMMC_CmdStatusRegister
 .text.SDMMC_GetCmdResp1
                0x08008dcc      0x1e4 ./Drivers/STM32H7xx_HAL_Driver/Src/stm32h7xx_ll_sdmmc.o
                0x08008dcc                SDMMC_GetCmdResp1
 .text.SDMMC_GetCmdResp2
                0x08008fb0       0x94 ./Drivers/STM32H7xx_HAL_Driver/Src/stm32h7xx_ll_sdmmc.o
                0x08008fb0                SDMMC_GetCmdResp2
 .text.SDMMC_GetCmdResp3
                0x08009044       0x80 ./Drivers/STM32H7xx_HAL_Driver/Src/stm32h7xx_ll_sdmmc.o
                0x08009044                SDMMC_GetCmdResp3
 .text.SDMMC_GetCmdResp6
                0x080090c4       0xf0 ./Drivers/STM32H7xx_HAL_Driver/Src/stm32h7xx_ll_sdmmc.o
                0x080090c4                SDMMC_GetCmdResp6
 .text.SDMMC_GetCmdResp7
                0x080091b4       0x9c ./Drivers/STM32H7xx_HAL_Driver/Src/stm32h7xx_ll_sdmmc.o
                0x080091b4                SDMMC_GetCmdResp7
 .text.SDMMC_GetCmdError
                0x08009250       0x5c ./Drivers/STM32H7xx_HAL_Driver/Src/stm32h7xx_ll_sdmmc.o
 .text.memset   0x080092ac       0x10 C:/ST/STM32CubeIDE_1.19.0/STM32CubeIDE/plugins/com.st.stm32cube.ide.mcu.externaltools.gnu-tools-for-stm32.13.3.rel1.win32_1.0.0.202411081344/tools/bin/../lib/gcc/arm-none-eabi/13.3.1/../../../../arm-none-eabi/lib/thumb/v7e-m+dp/hard\libc_nano.a(libc_a-memset.o)
                0x080092ac                memset
 .text.__libc_init_array
                0x080092bc       0x48 C:/ST/STM32CubeIDE_1.19.0/STM32CubeIDE/plugins/com.st.stm32cube.ide.mcu.externaltools.gnu-tools-for-stm32.13.3.rel1.win32_1.0.0.202411081344/tools/bin/../lib/gcc/arm-none-eabi/13.3.1/../../../../arm-none-eabi/lib/thumb/v7e-m+dp/hard\libc_nano.a(libc_a-init.o)
                0x080092bc                __libc_init_array
 *(.glue_7)
 .glue_7        0x08009304        0x0 linker stubs
 *(.glue_7t)
 .glue_7t       0x08009304        0x0 linker stubs
 *(.eh_frame)
 .eh_frame      0x08009304        0x0 C:/ST/STM32CubeIDE_1.19.0/STM32CubeIDE/plugins/com.st.stm32cube.ide.mcu.externaltools.gnu-tools-for-stm32.13.3.rel1.win32_1.0.0.202411081344/tools/bin/../lib/gcc/arm-none-eabi/13.3.1/thumb/v7e-m+dp/hard/crtbegin.o
 *(.init)
 .init          0x08009304        0x4 C:/ST/STM32CubeIDE_1.19.0/STM32CubeIDE/plugins/com.st.stm32cube.ide.mcu.externaltools.gnu-tools-for-stm32.13.3.rel1.win32_1.0.0.202411081344/tools/bin/../lib/gcc/arm-none-eabi/13.3.1/thumb/v7e-m+dp/hard/crti.o
                0x08009304                _init
 .init          0x08009308        0x8 C:/ST/STM32CubeIDE_1.19.0/STM32CubeIDE/plugins/com.st.stm32cube.ide.mcu.externaltools.gnu-tools-for-stm32.13.3.rel1.win32_1.0.0.202411081344/tools/bin/../lib/gcc/arm-none-eabi/13.3.1/thumb/v7e-m+dp/hard/crtn.o
 *(.fini)
 .fini          0x08009310        0x4 C:/ST/STM32CubeIDE_1.19.0/STM32CubeIDE/plugins/com.st.stm32cube.ide.mcu.externaltools.gnu-tools-for-stm32.13.3.rel1.win32_1.0.0.202411081344/tools/bin/../lib/gcc/arm-none-eabi/13.3.1/thumb/v7e-m+dp/hard/crti.o
                0x08009310                _fini
 .fini          0x08009314        0x8 C:/ST/STM32CubeIDE_1.19.0/STM32CubeIDE/plugins/com.st.stm32cube.ide.mcu.externaltools.gnu-tools-for-stm32.13.3.rel1.win32_1.0.0.202411081344/tools/bin/../lib/gcc/arm-none-eabi/13.3.1/thumb/v7e-m+dp/hard/crtn.o
                0x0800931c                        . = ALIGN (0x4)
                0x0800931c                        _etext = .

.vfp11_veneer   0x0800931c        0x0
 .vfp11_veneer  0x0800931c        0x0 linker stubs

.v4_bx          0x0800931c        0x0
 .v4_bx         0x0800931c        0x0 linker stubs

.iplt           0x0800931c        0x0
 .iplt          0x0800931c        0x0 C:/ST/STM32CubeIDE_1.19.0/STM32CubeIDE/plugins/com.st.stm32cube.ide.mcu.externaltools.gnu-tools-for-stm32.13.3.rel1.win32_1.0.0.202411081344/tools/bin/../lib/gcc/arm-none-eabi/13.3.1/thumb/v7e-m+dp/hard/crtbegin.o

.rodata         0x0800931c       0x38
                0x0800931c                        . = ALIGN (0x4)
 *(.rodata)
 *(.rodata*)
 .rodata.D1CorePrescTable
                0x0800931c       0x10 ./Core/Src/system_stm32h7xx.o
                0x0800931c                D1CorePrescTable
 .rodata.UARTPrescTable
                0x0800932c       0x18 ./Drivers/STM32H7xx_HAL_Driver/Src/stm32h7xx_hal_uart.o
                0x0800932c                UARTPrescTable
 .rodata.numerator.1
                0x08009344        0x8 ./Drivers/STM32H7xx_HAL_Driver/Src/stm32h7xx_hal_uart_ex.o
 .rodata.denominator.0
                0x0800934c        0x8 ./Drivers/STM32H7xx_HAL_Driver/Src/stm32h7xx_hal_uart_ex.o
                0x08009354                        . = ALIGN (0x4)

.ARM.extab
 *(.ARM.extab* .gnu.linkonce.armextab.*)

.ARM            0x08009354        0x8
                0x08009354                        __exidx_start = .
 *(.ARM.exidx*)
 .ARM.exidx     0x08009354        0x8 C:/ST/STM32CubeIDE_1.19.0/STM32CubeIDE/plugins/com.st.stm32cube.ide.mcu.externaltools.gnu-tools-for-stm32.13.3.rel1.win32_1.0.0.202411081344/tools/bin/../lib/gcc/arm-none-eabi/13.3.1/thumb/v7e-m+dp/hard\libgcc.a(_udivmoddi4.o)
                0x0800935c                        __exidx_end = .

.preinit_array  0x0800935c        0x0
                0x0800935c                        PROVIDE (__preinit_array_start = .)
 *(.preinit_array*)
                0x0800935c                        PROVIDE (__preinit_array_end = .)

.init_array     0x0800935c        0x4
                0x0800935c                        PROVIDE (__init_array_start = .)
 *(SORT_BY_NAME(.init_array.*))
 *(.init_array*)
 .init_array    0x0800935c        0x4 C:/ST/STM32CubeIDE_1.19.0/STM32CubeIDE/plugins/com.st.stm32cube.ide.mcu.externaltools.gnu-tools-for-stm32.13.3.rel1.win32_1.0.0.202411081344/tools/bin/../lib/gcc/arm-none-eabi/13.3.1/thumb/v7e-m+dp/hard/crtbegin.o
                0x08009360                        PROVIDE (__init_array_end = .)

.fini_array     0x08009360        0x4
                [!provide]                        PROVIDE (__fini_array_start = .)
 *(SORT_BY_NAME(.fini_array.*))
 *(.fini_array*)
 .fini_array    0x08009360        0x4 C:/ST/STM32CubeIDE_1.19.0/STM32CubeIDE/plugins/com.st.stm32cube.ide.mcu.externaltools.gnu-tools-for-stm32.13.3.rel1.win32_1.0.0.202411081344/tools/bin/../lib/gcc/arm-none-eabi/13.3.1/thumb/v7e-m+dp/hard/crtbegin.o
                [!provide]                        PROVIDE (__fini_array_end = .)
                0x08009364                        _sidata = LOADADDR (.data)

.rel.dyn        0x08009364        0x0
 .rel.iplt      0x08009364        0x0 C:/ST/STM32CubeIDE_1.19.0/STM32CubeIDE/plugins/com.st.stm32cube.ide.mcu.externaltools.gnu-tools-for-stm32.13.3.rel1.win32_1.0.0.202411081344/tools/bin/../lib/gcc/arm-none-eabi/13.3.1/thumb/v7e-m+dp/hard/crtbegin.o

.data           0x24000000       0x10 load address 0x08009364
                0x24000000                        . = ALIGN (0x4)
                0x24000000                        _sdata = .
 *(.data)
 *(.data*)
 .data.SystemCoreClock
                0x24000000        0x4 ./Core/Src/system_stm32h7xx.o
                0x24000000                SystemCoreClock
 .data.SystemD2Clock
                0x24000004        0x4 ./Core/Src/system_stm32h7xx.o
                0x24000004                SystemD2Clock
 .data.uwTickPrio
                0x24000008        0x4 ./Drivers/STM32H7xx_HAL_Driver/Src/stm32h7xx_hal.o
                0x24000008                uwTickPrio
 .data.uwTickFreq
                0x2400000c        0x1 ./Drivers/STM32H7xx_HAL_Driver/Src/stm32h7xx_hal.o
                0x2400000c                uwTickFreq
 *(.RamFunc)
 *(.RamFunc*)
                0x24000010                        . = ALIGN (0x4)
 *fill*         0x2400000d        0x3 
                0x24000010                        _edata = .

.igot.plt       0x24000010        0x0 load address 0x08009374
 .igot.plt      0x24000010        0x0 C:/ST/STM32CubeIDE_1.19.0/STM32CubeIDE/plugins/com.st.stm32cube.ide.mcu.externaltools.gnu-tools-for-stm32.13.3.rel1.win32_1.0.0.202411081344/tools/bin/../lib/gcc/arm-none-eabi/13.3.1/thumb/v7e-m+dp/hard/crtbegin.o
                0x24000010                        . = ALIGN (0x4)

.bss            0x24000010      0x578 load address 0x08009374
                0x24000010                        _sbss = .
                0x24000010                        __bss_start__ = _sbss
 *(.bss)
 .bss           0x24000010       0x1c C:/ST/STM32CubeIDE_1.19.0/STM32CubeIDE/plugins/com.st.stm32cube.ide.mcu.externaltools.gnu-tools-for-stm32.13.3.rel1.win32_1.0.0.202411081344/tools/bin/../lib/gcc/arm-none-eabi/13.3.1/thumb/v7e-m+dp/hard/crtbegin.o
 *(.bss*)
 .bss.hi2c1     0x2400002c       0x54 ./Core/Src/i2c.o
                0x2400002c                hi2c1
 .bss.hi2c4     0x24000080       0x54 ./Core/Src/i2c.o
                0x24000080                hi2c4
 .bss.hsd1      0x240000d4       0x7c ./Core/Src/sdmmc.o
                0x240000d4                hsd1
 .bss.hspi1     0x24000150       0x88 ./Core/Src/spi.o
                0x24000150                hspi1
 .bss.hspi2     0x240001d8       0x88 ./Core/Src/spi.o
                0x240001d8                hspi2
 .bss.hspi6     0x24000260       0x88 ./Core/Src/spi.o
                0x24000260                hspi6
 .bss.htim7     0x240002e8       0x4c ./Core/Src/stm32h7xx_hal_timebase_tim.o
                0x240002e8                htim7
 .bss.huart4    0x24000334       0x94 ./Core/Src/usart.o
                0x24000334                huart4
 .bss.huart1    0x240003c8       0x94 ./Core/Src/usart.o
                0x240003c8                huart1
 .bss.huart2    0x2400045c       0x94 ./Core/Src/usart.o
                0x2400045c                huart2
 .bss.huart3    0x240004f0       0x94 ./Core/Src/usart.o
                0x240004f0                huart3
 .bss.uwTick    0x24000584        0x4 ./Drivers/STM32H7xx_HAL_Driver/Src/stm32h7xx_hal.o
                0x24000584                uwTick
 *(COMMON)
                0x24000588                        . = ALIGN (0x4)
                0x24000588                        _ebss = .
                0x24000588                        __bss_end__ = _ebss

._user_heap_stack
                0x24000588      0x600 load address 0x08009374
                0x24000588                        . = ALIGN (0x8)
                [!provide]                        PROVIDE (end = .)
                0x24000588                        PROVIDE (_end = .)
                0x24000788                        . = (. + _Min_Heap_Size)
 *fill*         0x24000588      0x200 
                0x24000b88                        . = (. + _Min_Stack_Size)
 *fill*         0x24000788      0x400 
                0x24000b88                        . = ALIGN (0x8)

/DISCARD/
 libc.a(*)
 libm.a(*)
 libgcc.a(*)

.ARM.attributes
                0x00000000       0x2e
 *(.ARM.attributes)
 .ARM.attributes
                0x00000000       0x20 C:/ST/STM32CubeIDE_1.19.0/STM32CubeIDE/plugins/com.st.stm32cube.ide.mcu.externaltools.gnu-tools-for-stm32.13.3.rel1.win32_1.0.0.202411081344/tools/bin/../lib/gcc/arm-none-eabi/13.3.1/thumb/v7e-m+dp/hard/crti.o
 .ARM.attributes
                0x00000020       0x32 C:/ST/STM32CubeIDE_1.19.0/STM32CubeIDE/plugins/com.st.stm32cube.ide.mcu.externaltools.gnu-tools-for-stm32.13.3.rel1.win32_1.0.0.202411081344/tools/bin/../lib/gcc/arm-none-eabi/13.3.1/thumb/v7e-m+dp/hard/crtbegin.o
 .ARM.attributes
                0x00000052       0x32 ./Core/Src/gpio.o
 .ARM.attributes
                0x00000084       0x32 ./Core/Src/i2c.o
 .ARM.attributes
                0x000000b6       0x32 ./Core/Src/main.o
 .ARM.attributes
                0x000000e8       0x32 ./Core/Src/sdmmc.o
 .ARM.attributes
                0x0000011a       0x32 ./Core/Src/spi.o
 .ARM.attributes
                0x0000014c       0x32 ./Core/Src/stm32h7xx_hal_msp.o
 .ARM.attributes
                0x0000017e       0x32 ./Core/Src/stm32h7xx_hal_timebase_tim.o
 .ARM.attributes
                0x000001b0       0x32 ./Core/Src/stm32h7xx_it.o
 .ARM.attributes
                0x000001e2       0x32 ./Core/Src/system_stm32h7xx.o
 .ARM.attributes
                0x00000214       0x32 ./Core/Src/usart.o
 .ARM.attributes
                0x00000246       0x21 ./Core/Startup/startup_stm32h743vihx.o
 .ARM.attributes
                0x00000267       0x32 ./Drivers/STM32H7xx_HAL_Driver/Src/stm32h7xx_hal.o
 .ARM.attributes
                0x00000299       0x32 ./Drivers/STM32H7xx_HAL_Driver/Src/stm32h7xx_hal_cortex.o
 .ARM.attributes
                0x000002cb       0x32 ./Drivers/STM32H7xx_HAL_Driver/Src/stm32h7xx_hal_gpio.o
 .ARM.attributes
                0x000002fd       0x32 ./Drivers/STM32H7xx_HAL_Driver/Src/stm32h7xx_hal_i2c.o
 .ARM.attributes
                0x0000032f       0x32 ./Drivers/STM32H7xx_HAL_Driver/Src/stm32h7xx_hal_i2c_ex.o
 .ARM.attributes
                0x00000361       0x32 ./Drivers/STM32H7xx_HAL_Driver/Src/stm32h7xx_hal_pwr_ex.o
 .ARM.attributes
                0x00000393       0x32 ./Drivers/STM32H7xx_HAL_Driver/Src/stm32h7xx_hal_rcc.o
 .ARM.attributes
                0x000003c5       0x32 ./Drivers/STM32H7xx_HAL_Driver/Src/stm32h7xx_hal_rcc_ex.o
 .ARM.attributes
                0x000003f7       0x32 ./Drivers/STM32H7xx_HAL_Driver/Src/stm32h7xx_hal_sd.o
 .ARM.attributes
                0x00000429       0x32 ./Drivers/STM32H7xx_HAL_Driver/Src/stm32h7xx_hal_spi.o
 .ARM.attributes
                0x0000045b       0x32 ./Drivers/STM32H7xx_HAL_Driver/Src/stm32h7xx_hal_tim.o
 .ARM.attributes
                0x0000048d       0x32 ./Drivers/STM32H7xx_HAL_Driver/Src/stm32h7xx_hal_tim_ex.o
 .ARM.attributes
                0x000004bf       0x32 ./Drivers/STM32H7xx_HAL_Driver/Src/stm32h7xx_hal_uart.o
 .ARM.attributes
                0x000004f1       0x32 ./Drivers/STM32H7xx_HAL_Driver/Src/stm32h7xx_hal_uart_ex.o
 .ARM.attributes
                0x00000523       0x32 ./Drivers/STM32H7xx_HAL_Driver/Src/stm32h7xx_ll_sdmmc.o
 .ARM.attributes
                0x00000555       0x32 C:/ST/STM32CubeIDE_1.19.0/STM32CubeIDE/plugins/com.st.stm32cube.ide.mcu.externaltools.gnu-tools-for-stm32.13.3.rel1.win32_1.0.0.202411081344/tools/bin/../lib/gcc/arm-none-eabi/13.3.1/../../../../arm-none-eabi/lib/thumb/v7e-m+dp/hard\libc_nano.a(libc_a-memset.o)
 .ARM.attributes
                0x00000587       0x32 C:/ST/STM32CubeIDE_1.19.0/STM32CubeIDE/plugins/com.st.stm32cube.ide.mcu.externaltools.gnu-tools-for-stm32.13.3.rel1.win32_1.0.0.202411081344/tools/bin/../lib/gcc/arm-none-eabi/13.3.1/../../../../arm-none-eabi/lib/thumb/v7e-m+dp/hard\libc_nano.a(libc_a-init.o)
 .ARM.attributes
                0x000005b9       0x20 C:/ST/STM32CubeIDE_1.19.0/STM32CubeIDE/plugins/com.st.stm32cube.ide.mcu.externaltools.gnu-tools-for-stm32.13.3.rel1.win32_1.0.0.202411081344/tools/bin/../lib/gcc/arm-none-eabi/13.3.1/thumb/v7e-m+dp/hard\libgcc.a(_aeabi_uldivmod.o)
 .ARM.attributes
                0x000005d9       0x32 C:/ST/STM32CubeIDE_1.19.0/STM32CubeIDE/plugins/com.st.stm32cube.ide.mcu.externaltools.gnu-tools-for-stm32.13.3.rel1.win32_1.0.0.202411081344/tools/bin/../lib/gcc/arm-none-eabi/13.3.1/thumb/v7e-m+dp/hard\libgcc.a(_udivmoddi4.o)
 .ARM.attributes
                0x0000060b       0x20 C:/ST/STM32CubeIDE_1.19.0/STM32CubeIDE/plugins/com.st.stm32cube.ide.mcu.externaltools.gnu-tools-for-stm32.13.3.rel1.win32_1.0.0.202411081344/tools/bin/../lib/gcc/arm-none-eabi/13.3.1/thumb/v7e-m+dp/hard\libgcc.a(_dvmd_tls.o)
 .ARM.attributes
                0x0000062b       0x20 C:/ST/STM32CubeIDE_1.19.0/STM32CubeIDE/plugins/com.st.stm32cube.ide.mcu.externaltools.gnu-tools-for-stm32.13.3.rel1.win32_1.0.0.202411081344/tools/bin/../lib/gcc/arm-none-eabi/13.3.1/thumb/v7e-m+dp/hard/crtn.o
OUTPUT(CHIP_AP.elf elf32-littlearm)
LOAD linker stubs
LOAD C:/ST/STM32CubeIDE_1.19.0/STM32CubeIDE/plugins/com.st.stm32cube.ide.mcu.externaltools.gnu-tools-for-stm32.13.3.rel1.win32_1.0.0.202411081344/tools/bin/../lib/gcc/arm-none-eabi/13.3.1/../../../../arm-none-eabi/lib/thumb/v7e-m+dp/hard\libc.a
LOAD C:/ST/STM32CubeIDE_1.19.0/STM32CubeIDE/plugins/com.st.stm32cube.ide.mcu.externaltools.gnu-tools-for-stm32.13.3.rel1.win32_1.0.0.202411081344/tools/bin/../lib/gcc/arm-none-eabi/13.3.1/../../../../arm-none-eabi/lib/thumb/v7e-m+dp/hard\libm.a
LOAD C:/ST/STM32CubeIDE_1.19.0/STM32CubeIDE/plugins/com.st.stm32cube.ide.mcu.externaltools.gnu-tools-for-stm32.13.3.rel1.win32_1.0.0.202411081344/tools/bin/../lib/gcc/arm-none-eabi/13.3.1/thumb/v7e-m+dp/hard\libgcc.a

.debug_info     0x00000000    0x1f792
 .debug_info    0x00000000      0x4ce ./Core/Src/gpio.o
 .debug_info    0x000004ce     0x1051 ./Core/Src/i2c.o
 .debug_info    0x0000151f     0x1166 ./Core/Src/main.o
 .debug_info    0x00002685      0xdd6 ./Core/Src/sdmmc.o
 .debug_info    0x0000345b     0x116f ./Core/Src/spi.o
 .debug_info    0x000045ca      0x464 ./Core/Src/stm32h7xx_hal_msp.o
 .debug_info    0x00004a2e     0x10a9 ./Core/Src/stm32h7xx_hal_timebase_tim.o
 .debug_info    0x00005ad7      0x816 ./Core/Src/stm32h7xx_it.o
 .debug_info    0x000062ed      0xdb2 ./Core/Src/system_stm32h7xx.o
 .debug_info    0x0000709f     0x1211 ./Core/Src/usart.o
 .debug_info    0x000082b0       0x30 ./Core/Startup/startup_stm32h743vihx.o
 .debug_info    0x000082e0     0x153b ./Drivers/STM32H7xx_HAL_Driver/Src/stm32h7xx_hal.o
 .debug_info    0x0000981b     0x10b1 ./Drivers/STM32H7xx_HAL_Driver/Src/stm32h7xx_hal_cortex.o
 .debug_info    0x0000a8cc      0xc5a ./Drivers/STM32H7xx_HAL_Driver/Src/stm32h7xx_hal_gpio.o
 .debug_info    0x0000b526     0x22c9 ./Drivers/STM32H7xx_HAL_Driver/Src/stm32h7xx_hal_i2c.o
 .debug_info    0x0000d7ef      0xd84 ./Drivers/STM32H7xx_HAL_Driver/Src/stm32h7xx_hal_i2c_ex.o
 .debug_info    0x0000e573     0x1012 ./Drivers/STM32H7xx_HAL_Driver/Src/stm32h7xx_hal_pwr_ex.o
 .debug_info    0x0000f585      0xe6a ./Drivers/STM32H7xx_HAL_Driver/Src/stm32h7xx_hal_rcc.o
 .debug_info    0x000103ef     0x1225 ./Drivers/STM32H7xx_HAL_Driver/Src/stm32h7xx_hal_rcc_ex.o
 .debug_info    0x00011614     0x1a93 ./Drivers/STM32H7xx_HAL_Driver/Src/stm32h7xx_hal_sd.o
 .debug_info    0x000130a7     0x144a ./Drivers/STM32H7xx_HAL_Driver/Src/stm32h7xx_hal_spi.o
 .debug_info    0x000144f1     0x2bae ./Drivers/STM32H7xx_HAL_Driver/Src/stm32h7xx_hal_tim.o
 .debug_info    0x0001709f     0x17eb ./Drivers/STM32H7xx_HAL_Driver/Src/stm32h7xx_hal_tim_ex.o
 .debug_info    0x0001888a     0x4b1d ./Drivers/STM32H7xx_HAL_Driver/Src/stm32h7xx_hal_uart.o
 .debug_info    0x0001d3a7      0xfbf ./Drivers/STM32H7xx_HAL_Driver/Src/stm32h7xx_hal_uart_ex.o
 .debug_info    0x0001e366     0x142c ./Drivers/STM32H7xx_HAL_Driver/Src/stm32h7xx_ll_sdmmc.o

.debug_abbrev   0x00000000     0x38c3
 .debug_abbrev  0x00000000       0xe8 ./Core/Src/gpio.o
 .debug_abbrev  0x000000e8      0x252 ./Core/Src/i2c.o
 .debug_abbrev  0x0000033a      0x291 ./Core/Src/main.o
 .debug_abbrev  0x000005cb      0x207 ./Core/Src/sdmmc.o
 .debug_abbrev  0x000007d2      0x258 ./Core/Src/spi.o
 .debug_abbrev  0x00000a2a       0xdb ./Core/Src/stm32h7xx_hal_msp.o
 .debug_abbrev  0x00000b05      0x212 ./Core/Src/stm32h7xx_hal_timebase_tim.o
 .debug_abbrev  0x00000d17      0x17b ./Core/Src/stm32h7xx_it.o
 .debug_abbrev  0x00000e92      0x165 ./Core/Src/system_stm32h7xx.o
 .debug_abbrev  0x00000ff7      0x283 ./Core/Src/usart.o
 .debug_abbrev  0x0000127a       0x24 ./Core/Startup/startup_stm32h743vihx.o
 .debug_abbrev  0x0000129e      0x295 ./Drivers/STM32H7xx_HAL_Driver/Src/stm32h7xx_hal.o
 .debug_abbrev  0x00001533      0x339 ./Drivers/STM32H7xx_HAL_Driver/Src/stm32h7xx_hal_cortex.o
 .debug_abbrev  0x0000186c      0x205 ./Drivers/STM32H7xx_HAL_Driver/Src/stm32h7xx_hal_gpio.o
 .debug_abbrev  0x00001a71      0x25d ./Drivers/STM32H7xx_HAL_Driver/Src/stm32h7xx_hal_i2c.o
 .debug_abbrev  0x00001cce      0x1f5 ./Drivers/STM32H7xx_HAL_Driver/Src/stm32h7xx_hal_i2c_ex.o
 .debug_abbrev  0x00001ec3      0x2a7 ./Drivers/STM32H7xx_HAL_Driver/Src/stm32h7xx_hal_pwr_ex.o
 .debug_abbrev  0x0000216a      0x2c8 ./Drivers/STM32H7xx_HAL_Driver/Src/stm32h7xx_hal_rcc.o
 .debug_abbrev  0x00002432      0x269 ./Drivers/STM32H7xx_HAL_Driver/Src/stm32h7xx_hal_rcc_ex.o
 .debug_abbrev  0x0000269b      0x26b ./Drivers/STM32H7xx_HAL_Driver/Src/stm32h7xx_hal_sd.o
 .debug_abbrev  0x00002906      0x2b1 ./Drivers/STM32H7xx_HAL_Driver/Src/stm32h7xx_hal_spi.o
 .debug_abbrev  0x00002bb7      0x276 ./Drivers/STM32H7xx_HAL_Driver/Src/stm32h7xx_hal_tim.o
 .debug_abbrev  0x00002e2d      0x281 ./Drivers/STM32H7xx_HAL_Driver/Src/stm32h7xx_hal_tim_ex.o
 .debug_abbrev  0x000030ae      0x33d ./Drivers/STM32H7xx_HAL_Driver/Src/stm32h7xx_hal_uart.o
 .debug_abbrev  0x000033eb      0x2d2 ./Drivers/STM32H7xx_HAL_Driver/Src/stm32h7xx_hal_uart_ex.o
 .debug_abbrev  0x000036bd      0x206 ./Drivers/STM32H7xx_HAL_Driver/Src/stm32h7xx_ll_sdmmc.o

.debug_aranges  0x00000000     0x1888
 .debug_aranges
                0x00000000       0x20 ./Core/Src/gpio.o
 .debug_aranges
                0x00000020       0x38 ./Core/Src/i2c.o
 .debug_aranges
                0x00000058       0x48 ./Core/Src/main.o
 .debug_aranges
                0x000000a0       0x30 ./Core/Src/sdmmc.o
 .debug_aranges
                0x000000d0       0x40 ./Core/Src/spi.o
 .debug_aranges
                0x00000110       0x20 ./Core/Src/stm32h7xx_hal_msp.o
 .debug_aranges
                0x00000130       0x30 ./Core/Src/stm32h7xx_hal_timebase_tim.o
 .debug_aranges
                0x00000160       0x68 ./Core/Src/stm32h7xx_it.o
 .debug_aranges
                0x000001c8       0x30 ./Core/Src/system_stm32h7xx.o
 .debug_aranges
                0x000001f8       0x48 ./Core/Src/usart.o
 .debug_aranges
                0x00000240       0x28 ./Core/Startup/startup_stm32h743vihx.o
 .debug_aranges
                0x00000268      0x198 ./Drivers/STM32H7xx_HAL_Driver/Src/stm32h7xx_hal.o
 .debug_aranges
                0x00000400      0x130 ./Drivers/STM32H7xx_HAL_Driver/Src/stm32h7xx_hal_cortex.o
 .debug_aranges
                0x00000530       0x58 ./Drivers/STM32H7xx_HAL_Driver/Src/stm32h7xx_hal_gpio.o
 .debug_aranges
                0x00000588      0x2a0 ./Drivers/STM32H7xx_HAL_Driver/Src/stm32h7xx_hal_i2c.o
 .debug_aranges
                0x00000828       0x48 ./Drivers/STM32H7xx_HAL_Driver/Src/stm32h7xx_hal_i2c_ex.o
 .debug_aranges
                0x00000870      0x158 ./Drivers/STM32H7xx_HAL_Driver/Src/stm32h7xx_hal_pwr_ex.o
 .debug_aranges
                0x000009c8       0x88 ./Drivers/STM32H7xx_HAL_Driver/Src/stm32h7xx_hal_rcc.o
 .debug_aranges
                0x00000a50       0xf8 ./Drivers/STM32H7xx_HAL_Driver/Src/stm32h7xx_hal_rcc_ex.o
 .debug_aranges
                0x00000b48      0x170 ./Drivers/STM32H7xx_HAL_Driver/Src/stm32h7xx_hal_sd.o
 .debug_aranges
                0x00000cb8      0x1a8 ./Drivers/STM32H7xx_HAL_Driver/Src/stm32h7xx_hal_spi.o
 .debug_aranges
                0x00000e60      0x3e0 ./Drivers/STM32H7xx_HAL_Driver/Src/stm32h7xx_hal_tim.o
 .debug_aranges
                0x00001240      0x188 ./Drivers/STM32H7xx_HAL_Driver/Src/stm32h7xx_hal_tim_ex.o
 .debug_aranges
                0x000013c8      0x248 ./Drivers/STM32H7xx_HAL_Driver/Src/stm32h7xx_hal_uart.o
 .debug_aranges
                0x00001610       0xa8 ./Drivers/STM32H7xx_HAL_Driver/Src/stm32h7xx_hal_uart_ex.o
 .debug_aranges
                0x000016b8      0x1d0 ./Drivers/STM32H7xx_HAL_Driver/Src/stm32h7xx_ll_sdmmc.o

.debug_rnglists
                0x00000000     0x1333
 .debug_rnglists
                0x00000000       0x14 ./Core/Src/gpio.o
 .debug_rnglists
                0x00000014       0x28 ./Core/Src/i2c.o
 .debug_rnglists
                0x0000003c       0x32 ./Core/Src/main.o
 .debug_rnglists
                0x0000006e       0x20 ./Core/Src/sdmmc.o
 .debug_rnglists
                0x0000008e       0x30 ./Core/Src/spi.o
 .debug_rnglists
                0x000000be       0x13 ./Core/Src/stm32h7xx_hal_msp.o
 .debug_rnglists
                0x000000d1       0x20 ./Core/Src/stm32h7xx_hal_timebase_tim.o
 .debug_rnglists
                0x000000f1       0x49 ./Core/Src/stm32h7xx_it.o
 .debug_rnglists
                0x0000013a       0x21 ./Core/Src/system_stm32h7xx.o
 .debug_rnglists
                0x0000015b       0x37 ./Core/Src/usart.o
 .debug_rnglists
                0x00000192       0x19 ./Core/Startup/startup_stm32h743vihx.o
 .debug_rnglists
                0x000001ab      0x131 ./Drivers/STM32H7xx_HAL_Driver/Src/stm32h7xx_hal.o
 .debug_rnglists
                0x000002dc       0xe0 ./Drivers/STM32H7xx_HAL_Driver/Src/stm32h7xx_hal_cortex.o
 .debug_rnglists
                0x000003bc       0x3f ./Drivers/STM32H7xx_HAL_Driver/Src/stm32h7xx_hal_gpio.o
 .debug_rnglists
                0x000003fb      0x22a ./Drivers/STM32H7xx_HAL_Driver/Src/stm32h7xx_hal_i2c.o
 .debug_rnglists
                0x00000625       0x35 ./Drivers/STM32H7xx_HAL_Driver/Src/stm32h7xx_hal_i2c_ex.o
 .debug_rnglists
                0x0000065a      0x103 ./Drivers/STM32H7xx_HAL_Driver/Src/stm32h7xx_hal_pwr_ex.o
 .debug_rnglists
                0x0000075d       0x68 ./Drivers/STM32H7xx_HAL_Driver/Src/stm32h7xx_hal_rcc.o
 .debug_rnglists
                0x000007c5       0xc0 ./Drivers/STM32H7xx_HAL_Driver/Src/stm32h7xx_hal_rcc_ex.o
 .debug_rnglists
                0x00000885      0x128 ./Drivers/STM32H7xx_HAL_Driver/Src/stm32h7xx_hal_sd.o
 .debug_rnglists
                0x000009ad      0x148 ./Drivers/STM32H7xx_HAL_Driver/Src/stm32h7xx_hal_spi.o
 .debug_rnglists
                0x00000af5      0x328 ./Drivers/STM32H7xx_HAL_Driver/Src/stm32h7xx_hal_tim.o
 .debug_rnglists
                0x00000e1d      0x13f ./Drivers/STM32H7xx_HAL_Driver/Src/stm32h7xx_hal_tim_ex.o
 .debug_rnglists
                0x00000f5c      0x1fa ./Drivers/STM32H7xx_HAL_Driver/Src/stm32h7xx_hal_uart.o
 .debug_rnglists
                0x00001156       0x7f ./Drivers/STM32H7xx_HAL_Driver/Src/stm32h7xx_hal_uart_ex.o
 .debug_rnglists
                0x000011d5      0x15e ./Drivers/STM32H7xx_HAL_Driver/Src/stm32h7xx_ll_sdmmc.o

.debug_macro    0x00000000    0x3a345
 .debug_macro   0x00000000      0x302 ./Core/Src/gpio.o
 .debug_macro   0x00000302      0xaf6 ./Core/Src/gpio.o
 .debug_macro   0x00000df8      0x244 ./Core/Src/gpio.o
 .debug_macro   0x0000103c       0x2e ./Core/Src/gpio.o
 .debug_macro   0x0000106a       0x3b ./Core/Src/gpio.o
 .debug_macro   0x000010a5       0x22 ./Core/Src/gpio.o
 .debug_macro   0x000010c7       0x8e ./Core/Src/gpio.o
 .debug_macro   0x00001155       0x51 ./Core/Src/gpio.o
 .debug_macro   0x000011a6      0x103 ./Core/Src/gpio.o
 .debug_macro   0x000012a9       0x6a ./Core/Src/gpio.o
 .debug_macro   0x00001313      0x1df ./Core/Src/gpio.o
 .debug_macro   0x000014f2       0x1c ./Core/Src/gpio.o
 .debug_macro   0x0000150e       0x22 ./Core/Src/gpio.o
 .debug_macro   0x00001530       0xfb ./Core/Src/gpio.o
 .debug_macro   0x0000162b     0x1305 ./Core/Src/gpio.o
 .debug_macro   0x00002930      0x11f ./Core/Src/gpio.o
 .debug_macro   0x00002a4f       0x27 ./Core/Src/gpio.o
 .debug_macro   0x00002a76    0x25b9b ./Core/Src/gpio.o
 .debug_macro   0x00028611       0x6d ./Core/Src/gpio.o
 .debug_macro   0x0002867e     0x3d79 ./Core/Src/gpio.o
 .debug_macro   0x0002c3f7      0x190 ./Core/Src/gpio.o
 .debug_macro   0x0002c587       0x61 ./Core/Src/gpio.o
 .debug_macro   0x0002c5e8       0x29 ./Core/Src/gpio.o
 .debug_macro   0x0002c611       0x43 ./Core/Src/gpio.o
 .debug_macro   0x0002c654       0x34 ./Core/Src/gpio.o
 .debug_macro   0x0002c688      0x370 ./Core/Src/gpio.o
 .debug_macro   0x0002c9f8       0x16 ./Core/Src/gpio.o
 .debug_macro   0x0002ca0e       0x4a ./Core/Src/gpio.o
 .debug_macro   0x0002ca58       0x34 ./Core/Src/gpio.o
 .debug_macro   0x0002ca8c       0x10 ./Core/Src/gpio.o
 .debug_macro   0x0002ca9c       0x58 ./Core/Src/gpio.o
 .debug_macro   0x0002caf4       0x8e ./Core/Src/gpio.o
 .debug_macro   0x0002cb82       0x1c ./Core/Src/gpio.o
 .debug_macro   0x0002cb9e      0x185 ./Core/Src/gpio.o
 .debug_macro   0x0002cd23      0x19b ./Core/Src/gpio.o
 .debug_macro   0x0002cebe       0x5d ./Core/Src/gpio.o
 .debug_macro   0x0002cf1b     0x2382 ./Core/Src/gpio.o
 .debug_macro   0x0002f29d     0x102c ./Core/Src/gpio.o
 .debug_macro   0x000302c9      0x154 ./Core/Src/gpio.o
 .debug_macro   0x0003041d      0x114 ./Core/Src/gpio.o
 .debug_macro   0x00030531      0x3b6 ./Core/Src/gpio.o
 .debug_macro   0x000308e7       0xac ./Core/Src/gpio.o
 .debug_macro   0x00030993      0x72d ./Core/Src/gpio.o
 .debug_macro   0x000310c0      0x228 ./Core/Src/gpio.o
 .debug_macro   0x000312e8       0x66 ./Core/Src/gpio.o
 .debug_macro   0x0003134e      0x3bb ./Core/Src/gpio.o
 .debug_macro   0x00031709      0x3e4 ./Core/Src/gpio.o
 .debug_macro   0x00031aed      0x275 ./Core/Src/gpio.o
 .debug_macro   0x00031d62      0x3ca ./Core/Src/gpio.o
 .debug_macro   0x0003212c      0x408 ./Core/Src/gpio.o
 .debug_macro   0x00032534       0x51 ./Core/Src/gpio.o
 .debug_macro   0x00032585       0x4a ./Core/Src/gpio.o
 .debug_macro   0x000325cf      0x22c ./Core/Src/gpio.o
 .debug_macro   0x000327fb       0x67 ./Core/Src/gpio.o
 .debug_macro   0x00032862       0xa5 ./Core/Src/gpio.o
 .debug_macro   0x00032907      0x1c4 ./Core/Src/gpio.o
 .debug_macro   0x00032acb      0x25e ./Core/Src/gpio.o
 .debug_macro   0x00032d29       0x35 ./Core/Src/gpio.o
 .debug_macro   0x00032d5e      0xa0c ./Core/Src/gpio.o
 .debug_macro   0x0003376a       0x16 ./Core/Src/gpio.o
 .debug_macro   0x00033780      0x1ce ./Core/Src/gpio.o
 .debug_macro   0x0003394e      0x5e4 ./Core/Src/gpio.o
 .debug_macro   0x00033f32       0xc1 ./Core/Src/gpio.o
 .debug_macro   0x00033ff3      0xafa ./Core/Src/gpio.o
 .debug_macro   0x00034aed      0x29f ./Core/Src/gpio.o
 .debug_macro   0x00034d8c      0x693 ./Core/Src/gpio.o
 .debug_macro   0x0003541f       0xa6 ./Core/Src/gpio.o
 .debug_macro   0x000354c5      0x5ac ./Core/Src/gpio.o
 .debug_macro   0x00035a71      0x302 ./Core/Src/i2c.o
 .debug_macro   0x00035d73      0x32e ./Core/Src/main.o
 .debug_macro   0x000360a1      0x302 ./Core/Src/sdmmc.o
 .debug_macro   0x000363a3      0x302 ./Core/Src/spi.o
 .debug_macro   0x000366a5      0x2f8 ./Core/Src/stm32h7xx_hal_msp.o
 .debug_macro   0x0003699d      0x2ee ./Core/Src/stm32h7xx_hal_timebase_tim.o
 .debug_macro   0x00036c8b      0x302 ./Core/Src/stm32h7xx_it.o
 .debug_macro   0x00036f8d      0x2ee ./Core/Src/system_stm32h7xx.o
 .debug_macro   0x0003727b      0x302 ./Core/Src/usart.o
 .debug_macro   0x0003757d      0x318 ./Drivers/STM32H7xx_HAL_Driver/Src/stm32h7xx_hal.o
 .debug_macro   0x00037895      0x2ee ./Drivers/STM32H7xx_HAL_Driver/Src/stm32h7xx_hal_cortex.o
 .debug_macro   0x00037b83      0x2f5 ./Drivers/STM32H7xx_HAL_Driver/Src/stm32h7xx_hal_gpio.o
 .debug_macro   0x00037e78      0x3ba ./Drivers/STM32H7xx_HAL_Driver/Src/stm32h7xx_hal_i2c.o
 .debug_macro   0x00038232      0x2ee ./Drivers/STM32H7xx_HAL_Driver/Src/stm32h7xx_hal_i2c_ex.o
 .debug_macro   0x00038520      0x327 ./Drivers/STM32H7xx_HAL_Driver/Src/stm32h7xx_hal_pwr_ex.o
 .debug_macro   0x00038847      0x312 ./Drivers/STM32H7xx_HAL_Driver/Src/stm32h7xx_hal_rcc.o
 .debug_macro   0x00038b59      0x30c ./Drivers/STM32H7xx_HAL_Driver/Src/stm32h7xx_hal_rcc_ex.o
 .debug_macro   0x00038e65      0x30b ./Drivers/STM32H7xx_HAL_Driver/Src/stm32h7xx_hal_sd.o
 .debug_macro   0x00039170      0x2f6 ./Drivers/STM32H7xx_HAL_Driver/Src/stm32h7xx_hal_spi.o
 .debug_macro   0x00039466      0x2ef ./Drivers/STM32H7xx_HAL_Driver/Src/stm32h7xx_hal_tim.o
 .debug_macro   0x00039755      0x2ee ./Drivers/STM32H7xx_HAL_Driver/Src/stm32h7xx_hal_tim_ex.o
 .debug_macro   0x00039a43      0x319 ./Drivers/STM32H7xx_HAL_Driver/Src/stm32h7xx_hal_uart.o
 .debug_macro   0x00039d5c      0x2fa ./Drivers/STM32H7xx_HAL_Driver/Src/stm32h7xx_hal_uart_ex.o
 .debug_macro   0x0003a056      0x2ef ./Drivers/STM32H7xx_HAL_Driver/Src/stm32h7xx_ll_sdmmc.o

.debug_line     0x00000000    0x223f3
 .debug_line    0x00000000      0x96f ./Core/Src/gpio.o
 .debug_line    0x0000096f      0xaad ./Core/Src/i2c.o
 .debug_line    0x0000141c      0xada ./Core/Src/main.o
 .debug_line    0x00001ef6      0xa05 ./Core/Src/sdmmc.o
 .debug_line    0x000028fb      0xb58 ./Core/Src/spi.o
 .debug_line    0x00003453      0x96e ./Core/Src/stm32h7xx_hal_msp.o
 .debug_line    0x00003dc1      0x9e5 ./Core/Src/stm32h7xx_hal_timebase_tim.o
 .debug_line    0x000047a6      0xa31 ./Core/Src/stm32h7xx_it.o
 .debug_line    0x000051d7      0xb6e ./Core/Src/system_stm32h7xx.o
 .debug_line    0x00005d45      0xc5a ./Core/Src/usart.o
 .debug_line    0x0000699f       0x7b ./Core/Startup/startup_stm32h743vihx.o
 .debug_line    0x00006a1a      0xf47 ./Drivers/STM32H7xx_HAL_Driver/Src/stm32h7xx_hal.o
 .debug_line    0x00007961      0xf31 ./Drivers/STM32H7xx_HAL_Driver/Src/stm32h7xx_hal_cortex.o
 .debug_line    0x00008892      0xdd0 ./Drivers/STM32H7xx_HAL_Driver/Src/stm32h7xx_hal_gpio.o
 .debug_line    0x00009662     0x3cbe ./Drivers/STM32H7xx_HAL_Driver/Src/stm32h7xx_hal_i2c.o
 .debug_line    0x0000d320      0xad5 ./Drivers/STM32H7xx_HAL_Driver/Src/stm32h7xx_hal_i2c_ex.o
 .debug_line    0x0000ddf5     0x10cb ./Drivers/STM32H7xx_HAL_Driver/Src/stm32h7xx_hal_pwr_ex.o
 .debug_line    0x0000eec0     0x15ee ./Drivers/STM32H7xx_HAL_Driver/Src/stm32h7xx_hal_rcc.o
 .debug_line    0x000104ae     0x1efa ./Drivers/STM32H7xx_HAL_Driver/Src/stm32h7xx_hal_rcc_ex.o
 .debug_line    0x000123a8     0x224b ./Drivers/STM32H7xx_HAL_Driver/Src/stm32h7xx_hal_sd.o
 .debug_line    0x000145f3     0x22d9 ./Drivers/STM32H7xx_HAL_Driver/Src/stm32h7xx_hal_spi.o
 .debug_line    0x000168cc     0x409b ./Drivers/STM32H7xx_HAL_Driver/Src/stm32h7xx_hal_tim.o
 .debug_line    0x0001a967     0x1e0d ./Drivers/STM32H7xx_HAL_Driver/Src/stm32h7xx_hal_tim_ex.o
 .debug_line    0x0001c774     0x39ce ./Drivers/STM32H7xx_HAL_Driver/Src/stm32h7xx_hal_uart.o
 .debug_line    0x00020142      0xedd ./Drivers/STM32H7xx_HAL_Driver/Src/stm32h7xx_hal_uart_ex.o
 .debug_line    0x0002101f     0x13d4 ./Drivers/STM32H7xx_HAL_Driver/Src/stm32h7xx_ll_sdmmc.o

.debug_str      0x00000000   0x16e3b5
 .debug_str     0x00000000   0x16e3b5 ./Core/Src/gpio.o
                             0x1665ff (size before relaxing)
 .debug_str     0x0016e3b5   0x167085 ./Core/Src/i2c.o
 .debug_str     0x0016e3b5   0x167288 ./Core/Src/main.o
 .debug_str     0x0016e3b5   0x166d59 ./Core/Src/sdmmc.o
 .debug_str     0x0016e3b5   0x167099 ./Core/Src/spi.o
 .debug_str     0x0016e3b5   0x1665ff ./Core/Src/stm32h7xx_hal_msp.o
 .debug_str     0x0016e3b5   0x16760d ./Core/Src/stm32h7xx_hal_timebase_tim.o
 .debug_str     0x0016e3b5   0x166acd ./Core/Src/stm32h7xx_it.o
 .debug_str     0x0016e3b5   0x166971 ./Core/Src/system_stm32h7xx.o
 .debug_str     0x0016e3b5   0x1670cd ./Core/Src/usart.o
 .debug_str     0x0016e3b5       0x5d ./Core/Startup/startup_stm32h743vihx.o
 .debug_str     0x0016e3b5   0x167848 ./Drivers/STM32H7xx_HAL_Driver/Src/stm32h7xx_hal.o
 .debug_str     0x0016e3b5   0x167283 ./Drivers/STM32H7xx_HAL_Driver/Src/stm32h7xx_hal_cortex.o
 .debug_str     0x0016e3b5   0x1668e9 ./Drivers/STM32H7xx_HAL_Driver/Src/stm32h7xx_hal_gpio.o
 .debug_str     0x0016e3b5   0x16798a ./Drivers/STM32H7xx_HAL_Driver/Src/stm32h7xx_hal_i2c.o
 .debug_str     0x0016e3b5   0x166d2e ./Drivers/STM32H7xx_HAL_Driver/Src/stm32h7xx_hal_i2c_ex.o
 .debug_str     0x0016e3b5   0x166daa ./Drivers/STM32H7xx_HAL_Driver/Src/stm32h7xx_hal_pwr_ex.o
 .debug_str     0x0016e3b5   0x166ccd ./Drivers/STM32H7xx_HAL_Driver/Src/stm32h7xx_hal_rcc.o
 .debug_str     0x0016e3b5   0x1671ae ./Drivers/STM32H7xx_HAL_Driver/Src/stm32h7xx_hal_rcc_ex.o
 .debug_str     0x0016e3b5   0x1672c8 ./Drivers/STM32H7xx_HAL_Driver/Src/stm32h7xx_hal_sd.o
 .debug_str     0x0016e3b5   0x166ff1 ./Drivers/STM32H7xx_HAL_Driver/Src/stm32h7xx_hal_spi.o
 .debug_str     0x0016e3b5   0x167a6c ./Drivers/STM32H7xx_HAL_Driver/Src/stm32h7xx_hal_tim.o
 .debug_str     0x0016e3b5   0x167394 ./Drivers/STM32H7xx_HAL_Driver/Src/stm32h7xx_hal_tim_ex.o
 .debug_str     0x0016e3b5   0x16780e ./Drivers/STM32H7xx_HAL_Driver/Src/stm32h7xx_hal_uart.o
 .debug_str     0x0016e3b5   0x166dce ./Drivers/STM32H7xx_HAL_Driver/Src/stm32h7xx_hal_uart_ex.o
 .debug_str     0x0016e3b5   0x166b4e ./Drivers/STM32H7xx_HAL_Driver/Src/stm32h7xx_ll_sdmmc.o

.comment        0x00000000       0x43
 .comment       0x00000000       0x43 ./Core/Src/gpio.o
                                 0x44 (size before relaxing)
 .comment       0x00000043       0x44 ./Core/Src/i2c.o
 .comment       0x00000043       0x44 ./Core/Src/main.o
 .comment       0x00000043       0x44 ./Core/Src/sdmmc.o
 .comment       0x00000043       0x44 ./Core/Src/spi.o
 .comment       0x00000043       0x44 ./Core/Src/stm32h7xx_hal_msp.o
 .comment       0x00000043       0x44 ./Core/Src/stm32h7xx_hal_timebase_tim.o
 .comment       0x00000043       0x44 ./Core/Src/stm32h7xx_it.o
 .comment       0x00000043       0x44 ./Core/Src/system_stm32h7xx.o
 .comment       0x00000043       0x44 ./Core/Src/usart.o
 .comment       0x00000043       0x44 ./Drivers/STM32H7xx_HAL_Driver/Src/stm32h7xx_hal.o
 .comment       0x00000043       0x44 ./Drivers/STM32H7xx_HAL_Driver/Src/stm32h7xx_hal_cortex.o
 .comment       0x00000043       0x44 ./Drivers/STM32H7xx_HAL_Driver/Src/stm32h7xx_hal_gpio.o
 .comment       0x00000043       0x44 ./Drivers/STM32H7xx_HAL_Driver/Src/stm32h7xx_hal_i2c.o
 .comment       0x00000043       0x44 ./Drivers/STM32H7xx_HAL_Driver/Src/stm32h7xx_hal_i2c_ex.o
 .comment       0x00000043       0x44 ./Drivers/STM32H7xx_HAL_Driver/Src/stm32h7xx_hal_pwr_ex.o
 .comment       0x00000043       0x44 ./Drivers/STM32H7xx_HAL_Driver/Src/stm32h7xx_hal_rcc.o
 .comment       0x00000043       0x44 ./Drivers/STM32H7xx_HAL_Driver/Src/stm32h7xx_hal_rcc_ex.o
 .comment       0x00000043       0x44 ./Drivers/STM32H7xx_HAL_Driver/Src/stm32h7xx_hal_sd.o
 .comment       0x00000043       0x44 ./Drivers/STM32H7xx_HAL_Driver/Src/stm32h7xx_hal_spi.o
 .comment       0x00000043       0x44 ./Drivers/STM32H7xx_HAL_Driver/Src/stm32h7xx_hal_tim.o
 .comment       0x00000043       0x44 ./Drivers/STM32H7xx_HAL_Driver/Src/stm32h7xx_hal_tim_ex.o
 .comment       0x00000043       0x44 ./Drivers/STM32H7xx_HAL_Driver/Src/stm32h7xx_hal_uart.o
 .comment       0x00000043       0x44 ./Drivers/STM32H7xx_HAL_Driver/Src/stm32h7xx_hal_uart_ex.o
 .comment       0x00000043       0x44 ./Drivers/STM32H7xx_HAL_Driver/Src/stm32h7xx_ll_sdmmc.o

.debug_frame    0x00000000     0x68b0
 .debug_frame   0x00000000       0x38 ./Core/Src/gpio.o
 .debug_frame   0x00000038       0x94 ./Core/Src/i2c.o
 .debug_frame   0x000000cc       0xd4 ./Core/Src/main.o
 .debug_frame   0x000001a0       0x78 ./Core/Src/sdmmc.o
 .debug_frame   0x00000218       0xb0 ./Core/Src/spi.o
 .debug_frame   0x000002c8       0x38 ./Core/Src/stm32h7xx_hal_msp.o
 .debug_frame   0x00000300       0x74 ./Core/Src/stm32h7xx_hal_timebase_tim.o
 .debug_frame   0x00000374      0x124 ./Core/Src/stm32h7xx_it.o
 .debug_frame   0x00000498       0x78 ./Core/Src/system_stm32h7xx.o
 .debug_frame   0x00000510       0xcc ./Core/Src/usart.o
 .debug_frame   0x000005dc      0x690 ./Drivers/STM32H7xx_HAL_Driver/Src/stm32h7xx_hal.o
 .debug_frame   0x00000c6c      0x508 ./Drivers/STM32H7xx_HAL_Driver/Src/stm32h7xx_hal_cortex.o
 .debug_frame   0x00001174      0x14c ./Drivers/STM32H7xx_HAL_Driver/Src/stm32h7xx_hal_gpio.o
 .debug_frame   0x000012c0      0xc40 ./Drivers/STM32H7xx_HAL_Driver/Src/stm32h7xx_hal_i2c.o
 .debug_frame   0x00001f00      0x100 ./Drivers/STM32H7xx_HAL_Driver/Src/stm32h7xx_hal_i2c_ex.o
 .debug_frame   0x00002000      0x580 ./Drivers/STM32H7xx_HAL_Driver/Src/stm32h7xx_hal_pwr_ex.o
 .debug_frame   0x00002580      0x1f8 ./Drivers/STM32H7xx_HAL_Driver/Src/stm32h7xx_hal_rcc.o
 .debug_frame   0x00002778      0x414 ./Drivers/STM32H7xx_HAL_Driver/Src/stm32h7xx_hal_rcc_ex.o
 .debug_frame   0x00002b8c      0x670 ./Drivers/STM32H7xx_HAL_Driver/Src/stm32h7xx_hal_sd.o
 .debug_frame   0x000031fc      0x7a8 ./Drivers/STM32H7xx_HAL_Driver/Src/stm32h7xx_hal_spi.o
 .debug_frame   0x000039a4     0x121c ./Drivers/STM32H7xx_HAL_Driver/Src/stm32h7xx_hal_tim.o
 .debug_frame   0x00004bc0      0x6d8 ./Drivers/STM32H7xx_HAL_Driver/Src/stm32h7xx_hal_tim_ex.o
 .debug_frame   0x00005298      0xa94 ./Drivers/STM32H7xx_HAL_Driver/Src/stm32h7xx_hal_uart.o
 .debug_frame   0x00005d2c      0x2c0 ./Drivers/STM32H7xx_HAL_Driver/Src/stm32h7xx_hal_uart_ex.o
 .debug_frame   0x00005fec      0x818 ./Drivers/STM32H7xx_HAL_Driver/Src/stm32h7xx_ll_sdmmc.o
 .debug_frame   0x00006804       0x20 C:/ST/STM32CubeIDE_1.19.0/STM32CubeIDE/plugins/com.st.stm32cube.ide.mcu.externaltools.gnu-tools-for-stm32.13.3.rel1.win32_1.0.0.202411081344/tools/bin/../lib/gcc/arm-none-eabi/13.3.1/../../../../arm-none-eabi/lib/thumb/v7e-m+dp/hard\libc_nano.a(libc_a-memset.o)
 .debug_frame   0x00006824       0x2c C:/ST/STM32CubeIDE_1.19.0/STM32CubeIDE/plugins/com.st.stm32cube.ide.mcu.externaltools.gnu-tools-for-stm32.13.3.rel1.win32_1.0.0.202411081344/tools/bin/../lib/gcc/arm-none-eabi/13.3.1/../../../../arm-none-eabi/lib/thumb/v7e-m+dp/hard\libc_nano.a(libc_a-init.o)
 .debug_frame   0x00006850       0x2c C:/ST/STM32CubeIDE_1.19.0/STM32CubeIDE/plugins/com.st.stm32cube.ide.mcu.externaltools.gnu-tools-for-stm32.13.3.rel1.win32_1.0.0.202411081344/tools/bin/../lib/gcc/arm-none-eabi/13.3.1/thumb/v7e-m+dp/hard\libgcc.a(_aeabi_uldivmod.o)
 .debug_frame   0x0000687c       0x34 C:/ST/STM32CubeIDE_1.19.0/STM32CubeIDE/plugins/com.st.stm32cube.ide.mcu.externaltools.gnu-tools-for-stm32.13.3.rel1.win32_1.0.0.202411081344/tools/bin/../lib/gcc/arm-none-eabi/13.3.1/thumb/v7e-m+dp/hard\libgcc.a(_udivmoddi4.o)

.debug_line_str
                0x00000000       0x41
 .debug_line_str
                0x00000000       0x41 ./Core/Startup/startup_stm32h743vihx.o
